Component: ARM Compiler 5.06 update 6 (build 750) Tool: armlink [4d35ed]

==============================================================================

Section Cross References

    main.o(i.GsmInit) refers to main.o(i.log_level_str) for log_level_str
    main.o(i.GsmInit) refers to bsp_itracker.o(i.get_stamp) for get_stamp
    main.o(i.GsmInit) refers to segger_rtt_printf.o(i.SEGGER_RTT_printf) for SEGGER_RTT_printf
    main.o(i.GsmInit) refers to rak_uart_gsm.o(i.Gsm_CheckAutoBaud) for Gsm_CheckAutoBaud
    main.o(i.GsmInit) refers to rak_uart_gsm.o(i.Gsm_SetEchoCmd) for Gsm_SetEchoCmd
    main.o(i.GsmInit) refers to rak_uart_gsm.o(i.delay_ms) for delay_ms
    main.o(i.GsmInit) refers to rak_uart_gsm.o(i.Gsm_CheckSimCmd) for Gsm_CheckSimCmd
    main.o(i.GsmInit) refers to rak_uart_gsm.o(i.Gsm_CheckNetworkCmd) for Gsm_CheckNetworkCmd
    main.o(i.GsmInit) refers to rak_uart_gsm.o(i.Gsm_CheckGPRSCmd) for Gsm_CheckGPRSCmd
    main.o(i.GsmInit) refers to rak_uart_gsm.o(i.Gsm_SetContextCmd) for Gsm_SetContextCmd
    main.o(i.GsmInit) refers to rak_uart_gsm.o(i.Gsm_SetQNDI) for Gsm_SetQNDI
    main.o(i.GsmInit) refers to rak_uart_gsm.o(i.Gsm_SetDnsModeCmd) for Gsm_SetDnsModeCmd
    main.o(i.GsmInit) refers to rak_uart_gsm.o(i.Gsm_SetAtsEnCmd) for Gsm_SetAtsEnCmd
    main.o(i.GsmInit) refers to rak_uart_gsm.o(i.Gsm_GetRssiCmd) for Gsm_GetRssiCmd
    main.o(i.Gsm_HttpPost) refers to rak_uart_gsm.o(i.Gsm_OpenSocketCmd) for Gsm_OpenSocketCmd
    main.o(i.Gsm_HttpPost) refers to rak_uart_gsm.o(i.Gsm_CloseSocketCmd) for Gsm_CloseSocketCmd
    main.o(i.Gsm_HttpPost) refers to main.o(i.log_level_str) for log_level_str
    main.o(i.Gsm_HttpPost) refers to bsp_itracker.o(i.get_stamp) for get_stamp
    main.o(i.Gsm_HttpPost) refers to segger_rtt_printf.o(i.SEGGER_RTT_printf) for SEGGER_RTT_printf
    main.o(i.Gsm_HttpPost) refers to rak_uart_gsm.o(i.Gsm_RecvData2) for Gsm_RecvData2
    main.o(i.Gsm_HttpPost) refers to malloc.o(i.malloc) for malloc
    main.o(i.Gsm_HttpPost) refers to printfa.o(i.__0sprintf) for __2sprintf
    main.o(i.Gsm_HttpPost) refers to rak_uart_gsm.o(i.Gsm_SendDataCmd) for Gsm_SendDataCmd
    main.o(i.Gsm_HttpPost) refers to malloc.o(i.free) for free
    main.o(i.Gsm_HttpPost) refers to main.o(.conststring) for .conststring
    main.o(i.Gsm_HttpRsp) refers to malloc.o(i.malloc) for malloc
    main.o(i.Gsm_HttpRsp) refers to memseta.o(.text) for __aeabi_memclr
    main.o(i.Gsm_HttpRsp) refers to rak_uart_gsm.o(i.Gsm_RecvData2) for Gsm_RecvData2
    main.o(i.Gsm_HttpRsp) refers to main.o(i.log_level_str) for log_level_str
    main.o(i.Gsm_HttpRsp) refers to bsp_itracker.o(i.get_stamp) for get_stamp
    main.o(i.Gsm_HttpRsp) refers to segger_rtt_printf.o(i.SEGGER_RTT_printf) for SEGGER_RTT_printf
    main.o(i.Gsm_HttpRsp) refers to rak_uart_gsm.o(i.delay_ms) for delay_ms
    main.o(i.Gsm_HttpRsp) refers to malloc.o(i.free) for free
    main.o(i.Gsm_HttpRsp) refers to rak_uart_gsm.o(i.Gsm_CloseSocketCmd) for Gsm_CloseSocketCmd
    main.o(i._lfclk_config) refers to main.o(i.log_level_str) for log_level_str
    main.o(i._lfclk_config) refers to bsp_itracker.o(i.get_stamp) for get_stamp
    main.o(i._lfclk_config) refers to segger_rtt_printf.o(i.SEGGER_RTT_printf) for SEGGER_RTT_printf
    main.o(i._lfclk_config) refers to nrf_drv_clock.o(i.nrf_drv_clock_init) for nrf_drv_clock_init
    main.o(i._lfclk_config) refers to app_error.o(i.app_error_handler_bare) for app_error_handler_bare
    main.o(i._lfclk_config) refers to nrf_drv_clock.o(i.nrf_drv_clock_lfclk_request) for nrf_drv_clock_lfclk_request
    main.o(i._rtc_config) refers to main.o(i.log_level_str) for log_level_str
    main.o(i._rtc_config) refers to bsp_itracker.o(i.get_stamp) for get_stamp
    main.o(i._rtc_config) refers to segger_rtt_printf.o(i.SEGGER_RTT_printf) for SEGGER_RTT_printf
    main.o(i._rtc_config) refers to nrf_drv_rtc.o(i.nrf_drv_rtc_init) for nrf_drv_rtc_init
    main.o(i._rtc_config) refers to app_error.o(i.app_error_handler_bare) for app_error_handler_bare
    main.o(i._rtc_config) refers to nrf_drv_rtc.o(i.nrf_drv_rtc_tick_enable) for nrf_drv_rtc_tick_enable
    main.o(i._rtc_config) refers to nrf_drv_rtc.o(i.nrf_drv_rtc_cc_set) for nrf_drv_rtc_cc_set
    main.o(i._rtc_config) refers to nrf_drv_rtc.o(i.nrf_drv_rtc_enable) for nrf_drv_rtc_enable
    main.o(i._rtc_config) refers to main.o(.constdata) for .constdata
    main.o(i._rtc_config) refers to main.o(i.rtc_handler) for rtc_handler
    main.o(i._sensor_collect_timer_handle) refers to main.o(i.log_level_str) for log_level_str
    main.o(i._sensor_collect_timer_handle) refers to bsp_itracker.o(i.get_stamp) for get_stamp
    main.o(i._sensor_collect_timer_handle) refers to segger_rtt_printf.o(i.SEGGER_RTT_printf) for SEGGER_RTT_printf
    main.o(i._sensor_collect_timer_handle) refers to tc_iot_hal_timer.o(i.rtc1_get_sys_tick) for rtc1_get_sys_tick
    main.o(i._sensor_collect_timer_handle) refers to main.o(.data) for .data
[...]
    0x00025f5e   0x00025f5e   0x00000030   Code   RO         1011    i.LIS3DH_SetFullScale  lis3dh_driver.o
    0x00025f8e   0x00025f8e   0x00000002   PAD
    0x00025f90   0x00025f90   0x000000ac   Code   RO         1021    i.LIS3DH_SetMode    lis3dh_driver.o
    0x0002603c   0x0002603c   0x00000030   Code   RO         1022    i.LIS3DH_SetODR     lis3dh_driver.o
    0x0002606c   0x0002606c   0x00000010   Code   RO         1028    i.LIS3DH_WriteReg   lis3dh_driver.o
    0x0002607c   0x0002607c   0x00000048   Code   RO         7964    i.MQTTDeserialize_ack  mqttdeserializepublish.o
    0x000260c4   0x000260c4   0x0000005c   Code   RO         7877    i.MQTTDeserialize_connack  mqttconnectclient.o
    0x00026120   0x00026120   0x0000008c   Code   RO         7965    i.MQTTDeserialize_publish  mqttdeserializepublish.o
    0x000261ac   0x000261ac   0x0000007c   Code   RO         8190    i.MQTTDeserialize_suback  mqttsubscribeclient.o
    0x00026228   0x00026228   0x00000036   Code   RO         8040    i.MQTTPacket_decode  mqttpacket.o
    0x0002625e   0x0002625e   0x00000002   PAD
    0x00026260   0x00026260   0x00000014   Code   RO         8041    i.MQTTPacket_decodeBuf  mqttpacket.o
    0x00026274   0x00026274   0x0000002a   Code   RO         8042    i.MQTTPacket_encode  mqttpacket.o
    0x0002629e   0x0002629e   0x00000034   Code   RO         8043    i.MQTTPacket_equals  mqttpacket.o
    0x000262d2   0x000262d2   0x00000002   PAD
    0x000262d4   0x000262d4   0x00000028   Code   RO         8044    i.MQTTPacket_len    mqttpacket.o
    0x000262fc   0x000262fc   0x00000048   Code   RO         8148    i.MQTTSerialize_ack  mqttserializepublish.o
    0x00026344   0x00026344   0x00000118   Code   RO         7878    i.MQTTSerialize_connect  mqttconnectclient.o
    0x0002645c   0x0002645c   0x00000076   Code   RO         7879    i.MQTTSerialize_connectLength  mqttconnectclient.o
    0x000264d2   0x000264d2   0x00000006   Code   RO         7880    i.MQTTSerialize_disconnect  mqttconnectclient.o
    0x000264d8   0x000264d8   0x00000006   Code   RO         7881    i.MQTTSerialize_pingreq  mqttconnectclient.o
    0x000264de   0x000264de   0x00000086   Code   RO         8151    i.MQTTSerialize_publish  mqttserializepublish.o
    0x00026564   0x00026564   0x0000001e   Code   RO         8152    i.MQTTSerialize_publishLength  mqttserializepublish.o
    0x00026582   0x00026582   0x00000002   PAD
    0x00026584   0x00026584   0x0000008c   Code   RO         8191    i.MQTTSerialize_subscribe  mqttsubscribeclient.o
    0x00026610   0x00026610   0x0000002e   Code   RO         8192    i.MQTTSerialize_subscribeLength  mqttsubscribeclient.o
    0x0002663e   0x0002663e   0x00000032   Code   RO         7882    i.MQTTSerialize_zero  mqttconnectclient.o
    0x00026670   0x00026670   0x0000000e   Code   RO         8047    i.MQTTstrlen        mqttpacket.o
    0x0002667e   0x0002667e   0x00000016   Code   RO         4819    i.NVIC_ClearPendingIRQ  app_timer.o
    0x00026694   0x00026694   0x00000016   Code   RO         4820    i.NVIC_EnableIRQ    app_timer.o
    0x000266aa   0x000266aa   0x00000016   Code   RO         4821    i.NVIC_SetPendingIRQ  app_timer.o
    0x000266c0   0x000266c0   0x00000020   Code   RO         4822    i.NVIC_SetPriority  app_timer.o
    0x000266e0   0x000266e0   0x00000016   Code   RO         2009    i.Nibble2HexChar    utilities.o
    0x000266f6   0x000266f6   0x00000002   PAD
    0x000266f8   0x000266f8   0x00000058   Code   RO         3486    i.POWER_CLOCK_IRQHandler  nrf_drv_clock.o
    0x00026750   0x00026750   0x00000024   Code   RO         4823    i.RTC1_IRQHandler   app_timer.o
    0x00026774   0x00026774   0x00000010   Code   RO         4456    i.RTC2_IRQHandler   nrf_drv_rtc.o
    0x00026784   0x00026784   0x00000004   Code   RO         6203    i.SEGGER_RTT_Init   segger_rtt.o
    0x00026788   0x00026788   0x0000003c   Code   RO         6213    i.SEGGER_RTT_Write  segger_rtt.o
    0x000267c4   0x000267c4   0x0000005c   Code   RO         6214    i.SEGGER_RTT_WriteNoLock  segger_rtt.o
    0x00026820   0x00026820   0x00000016   Code   RO         6377    i.SEGGER_RTT_printf  segger_rtt_printf.o
    0x00026836   0x00026836   0x00000196   Code   RO         6378    i.SEGGER_RTT_vprintf  segger_rtt_printf.o
    0x000269cc   0x000269cc   0x00000010   Code   RO         4281    i.SPIM0_SPIS0_TWIM0_TWIS0_SPI0_TWI0_IRQHandler  nrf_drv_twi.o
    0x000269dc   0x000269dc   0x00000048   Code   RO         4167    i.SPIM1_SPIS1_TWIM1_TWIS1_SPI1_TWI1_IRQHandler  nrf_drv_spi.o
    0x00026a24   0x00026a24   0x00000004   Code   RO         4824    i.SWI0_EGU0_IRQHandler  app_timer.o
    0x00026a28   0x00026a28   0x00000004   Code   RO         6427    i.SWI2_EGU2_IRQHandler  nrf_sdh.o
    0x00026a2c   0x00026a2c   0x000002f0   Code   RO         8439    i.SystemInit        system_nrf52.o
    0x00026d1c   0x00026d1c   0x0000001c   Code   RO         3936    i.UARTE0_UART0_IRQHandler  nrf_drv_uart.o
    0x00026d38   0x00026d38   0x00000068   Code   RO         6218    i._DoInit           segger_rtt.o
    0x00026da0   0x00026da0   0x00000016   Code   RO         6219    i._GetAvailWriteSpace  segger_rtt.o
    0x00026db6   0x00026db6   0x00000002   PAD
    0x00026db8   0x00026db8   0x000000c6   Code   RO         6379    i._PrintInt         segger_rtt_printf.o
    0x00026e7e   0x00026e7e   0x00000002   PAD
    0x00026e80   0x00026e80   0x000000d4   Code   RO         6380    i._PrintUnsigned    segger_rtt_printf.o
    0x00026f54   0x00026f54   0x0000003e   Code   RO         6381    i._StoreChar        segger_rtt_printf.o
    0x00026f92   0x00026f92   0x0000005a   Code   RO         6221    i._WriteBlocking    segger_rtt.o
    0x00026fec   0x00026fec   0x00000042   Code   RO         6222    i._WriteNoCheck     segger_rtt.o
    0x0002702e   0x0002702e   0x00000002   PAD
    0x00027030   0x00027030   0x00000030   Code   RO         8778    i.__0snprintf       mc_w.l(printfa.o)
    0x00027060   0x00027060   0x00000028   Code   RO         8779    i.__0sprintf        mc_w.l(printfa.o)
    0x00027088   0x00027088   0x00000030   Code   RO         8889    i.__ARM_fpclassify  m_wm.l(fpclassify.o)
    0x000270b8   0x000270b8   0x00000008   Code   RO         8938    i.__aeabi_errno_addr  mc_w.l(errno.o)
    0x000270c0   0x000270c0   0x00000038   Code   RO         8471    i.__hardfp_atof     m_wm.l(atof.o)
    0x000270f8   0x000270f8   0x00000358   Code   RO         8875    i.__hardfp_exp      m_wm.l(exp.o)
    0x00027450   0x00027450   0x00000188   Code   RO         8477    i.__hardfp_exp2     m_wm.l(exp2.o)
    0x000275d8   0x000275d8   0x000000d0   Code   RO         8891    i.__hardfp_ldexp    m_wm.l(ldexp.o)
    0x000276a8   0x000276a8   0x000000d0   Code   RO         8907    i.__hardfp_modf     m_wm.l(modf.o)
    0x00027778   0x00027778   0x000000f8   Code   RO         8956    i.__kernel_poly     m_wm.l(poly.o)
    0x00027870   0x00027870   0x00000014   Code   RO         8862    i.__mathlib_dbl_infnan  m_wm.l(dunder.o)
    0x00027884   0x00027884   0x00000004   PAD
    0x00027888   0x00027888   0x00000020   Code   RO         8865    i.__mathlib_dbl_overflow  m_wm.l(dunder.o)
    0x000278a8   0x000278a8   0x00000020   Code   RO         8867    i.__mathlib_dbl_underflow  m_wm.l(dunder.o)
    0x000278c8   0x000278c8   0x0000000c   Code   RO         8939    i.__read_errno      mc_w.l(errno.o)
    0x000278d4   0x000278d4   0x0000000e   Code   RO         8983    i.__scatterload_copy  mc_w.l(handlers.o)
    0x000278e2   0x000278e2   0x00000002   Code   RO         8984    i.__scatterload_null  mc_w.l(handlers.o)
    0x000278e4   0x000278e4   0x0000000e   Code   RO         8985    i.__scatterload_zeroinit  mc_w.l(handlers.o)
    0x000278f2   0x000278f2   0x00000002   PAD
    0x000278f4   0x000278f4   0x00000024   Code   RO         6428    i.__sd_nvic_app_accessible_irq  nrf_sdh.o
    0x00027918   0x00027918   0x0000000c   Code   RO         8940    i.__set_errno       mc_w.l(errno.o)
    0x00027924   0x00027924   0x00000038   Code   RO         1674    i._bme280_init      rak_spi_bme280.o
    0x0002795c   0x0002795c   0x0000002e   Code   RO         7140    i._check_connection  tc_iot_mqtt.o
    0x0002798a   0x0002798a   0x0000000c   Code   RO         7141    i._close_session    tc_iot_mqtt.o
    0x00027996   0x00027996   0x00000002   PAD
    0x00027998   0x00027998   0x00000184   Code   RO         8784    i._fp_digits        mc_w.l(printfa.o)
    0x00027b1c   0x00027b1c   0x00000022   Code   RO         7142    i._get_next_pack_id  tc_iot_mqtt.o
    0x00027b3e   0x00027b3e   0x00000002   PAD
    0x00027b40   0x00027b40   0x00000018   Code   RO         7313    i._get_unique_session_id  tc_iot_shadow.o
    0x00027b58   0x00027b58   0x00000092   Code   RO         7143    i._handle_reconnect  tc_iot_mqtt.o
    0x00027bea   0x00027bea   0x0000000e   Code   RO         8964    i._is_digit         mc_w.l(scanf_fp.o)
    0x00027bf8   0x00027bf8   0x0000001a   Code   RO         7144    i._on_new_message_data  tc_iot_mqtt.o
    0x00027c12   0x00027c12   0x00000002   PAD
    0x00027c14   0x00027c14   0x000006dc   Code   RO         8785    i._printf_core      mc_w.l(printfa.o)
    0x000282f0   0x000282f0   0x00000024   Code   RO         8786    i._printf_post_padding  mc_w.l(printfa.o)
    0x00028314   0x00028314   0x0000002e   Code   RO         8787    i._printf_pre_padding  mc_w.l(printfa.o)
    0x00028342   0x00028342   0x00000060   Code   RO         7145    i._send_packet      tc_iot_mqtt.o
    0x000283a2   0x000283a2   0x00000002   PAD
    0x000283a4   0x000283a4   0x00000060   Code   RO            9    i._sensor_collect_timer_handle  main.o
    0x00028404   0x00028404   0x00000016   Code   RO         8788    i._snputc           mc_w.l(printfa.o)
    0x0002841a   0x0002841a   0x0000000a   Code   RO         8789    i._sputc            mc_w.l(printfa.o)
    0x00028424   0x00028424   0x0000000c   Code   RO         7528    i._tc_iot_get_message_ack_callback  tc_iot_shadow_property.o
    0x00028430   0x00028430   0x00000002   Code   RO         7529    i._tc_iot_report_message_ack_callback  tc_iot_shadow_property.o
    0x00028432   0x00028432   0x00000002   PAD
    0x00028434   0x00028434   0x000000a0   Code   RO         7314    i._tc_iot_shadow_on_message_received  tc_iot_shadow.o
    0x000284d4   0x000284d4   0x000000d0   Code   RO         8401    i._tc_iot_shadow_property_control_callback  tc_iot_device_logic.o
    0x000285a4   0x000285a4   0x00000180   Code   RO         7530    i._tc_iot_sync_shadow_property  tc_iot_shadow_property.o
    0x00028724   0x00028724   0x00000002   Code   RO         7531    i._tc_iot_update_firm_message_ack_callback  tc_iot_shadow_property.o
    0x00028726   0x00028726   0x00000054   Code   RO         6818    i._unicode_char_to_long  tc_iot_json.o
    0x0002877a   0x0002877a   0x0000004a   Code   RO         6735    i.add_tc_iot_url_encoded_field  tc_iot_http_utils.o
    0x000287c4   0x000287c4   0x00000050   Code   RO         6736    i.add_url_long_field  tc_iot_http_utils.o
    0x00028814   0x00028814   0x00000036   Code   RO         2815    i.advertising_buttons_configure  bsp_btn_ble.o
    0x0002884a   0x0002884a   0x00000002   PAD
    0x0002884c   0x0002884c   0x00000078   Code   RO         4667    i.app_error_fault_handler  app_error_weak.o
    0x000288c4   0x000288c4   0x00000016   Code   RO         4628    i.app_error_handler_bare  app_error.o
    0x000288da   0x000288da   0x00000016   Code   RO         4696    i.app_fifo_get      app_fifo.o
    0x000288f0   0x000288f0   0x00000020   Code   RO         4697    i.app_fifo_init     app_fifo.o
    0x00028910   0x00028910   0x0000001a   Code   RO         4699    i.app_fifo_put      app_fifo.o
    0x0002892a   0x0002892a   0x00000002   PAD
    0x0002892c   0x0002892c   0x0000000c   Code   RO         4826    i.app_timer_cnt_get  app_timer.o
    0x00028938   0x00028938   0x00000028   Code   RO         4827    i.app_timer_create  app_timer.o
    0x00028960   0x00028960   0x00000054   Code   RO         4828    i.app_timer_init    app_timer.o
    0x000289b4   0x000289b4   0x00000088   Code   RO         4831    i.app_timer_start   app_timer.o
    0x00028a3c   0x00028a3c   0x00000020   Code   RO         4832    i.app_timer_stop    app_timer.o
    0x00028a5c   0x00028a5c   0x00000010   Code   RO         4985    i.app_uart_close    app_uart_fifo.o
    0x00028a6c   0x00028a6c   0x00000034   Code   RO         4987    i.app_uart_get      app_uart_fifo.o
    0x00028aa0   0x00028aa0   0x000000b4   Code   RO         4988    i.app_uart_init     app_uart_fifo.o
    0x00028b54   0x00028b54   0x0000003c   Code   RO         4989    i.app_uart_put      app_uart_fifo.o
    0x00028b90   0x00028b90   0x00000048   Code   RO         5051    i.app_util_critical_region_enter  app_util_platform.o
    0x00028bd8   0x00028bd8   0x00000034   Code   RO         5052    i.app_util_critical_region_exit  app_util_platform.o
    0x00028c0c   0x00028c0c   0x000000b8   Code   RO         3937    i.apply_config      nrf_drv_uart.o
    0x00028cc4   0x00028cc4   0x0000000c   Code   RO          557    i.are_settings_changed  bme280.o
    0x00028cd0   0x00028cd0   0x00000182   Code   RO         2900    i.ble_advdata_encode  ble_advdata.o
    0x00028e52   0x00028e52   0x00000068   Code   RO         2901    i.ble_advdata_set   ble_advdata.o
    0x00028eba   0x00028eba   0x00000006   Code   RO         2977    i.ble_advertising_conn_cfg_tag_set  ble_advertising.o
    0x00028ec0   0x00028ec0   0x00000136   Code   RO         2978    i.ble_advertising_init  ble_advertising.o
    0x00028ff6   0x00028ff6   0x00000068   Code   RO         2980    i.ble_advertising_on_ble_evt  ble_advertising.o
    0x0002905e   0x0002905e   0x00000032   Code   RO         2981    i.ble_advertising_on_sys_evt  ble_advertising.o
    0x00029090   0x00029090   0x000001ca   Code   RO         2984    i.ble_advertising_start  ble_advertising.o
    0x0002925a   0x0002925a   0x00000002   PAD
    0x0002925c   0x0002925c   0x00000068   Code   RO         3053    i.ble_conn_params_init  ble_conn_params.o
    0x000292c4   0x000292c4   0x00000060   Code   RO         2902    i.ble_device_addr_encode  ble_advdata.o
    0x00029324   0x00029324   0x0000013c   Code   RO           11    i.ble_evt_handler   main.o
    0x00029460   0x00029460   0x00000070   Code   RO         2816    i.ble_evt_handler   bsp_btn_ble.o
    0x000294d0   0x000294d0   0x000000fc   Code   RO         3055    i.ble_evt_handler   ble_conn_params.o
    0x000295cc   0x000295cc   0x0000010c   Code   RO         3146    i.ble_evt_handler   ble_conn_state.o
    0x000296d8   0x000296d8   0x00000064   Code   RO         3436    i.ble_nus_init      ble_nus.o
    0x0002973c   0x0002973c   0x0000008c   Code   RO         3437    i.ble_nus_on_ble_evt  ble_nus.o
    0x000297c8   0x000297c8   0x00000008   Code   RO         3282    i.ble_srv_is_notification_enabled  ble_srv_common.o
    0x000297d0   0x000297d0   0x0000006c   Code   RO          558    i.bme280_compensate_data  bme280.o
    0x0002983c   0x0002983c   0x00000038   Code   RO          559    i.bme280_get_regs   bme280.o
    0x00029874   0x00029874   0x00000050   Code   RO          560    i.bme280_get_sensor_data  bme280.o
    0x000298c4   0x000298c4   0x00000026   Code   RO          561    i.bme280_get_sensor_mode  bme280.o
    0x000298ea   0x000298ea   0x00000056   Code   RO          563    i.bme280_init       bme280.o
    0x00029940   0x00029940   0x00000032   Code   RO          564    i.bme280_parse_sensor_data  bme280.o
    0x00029972   0x00029972   0x00000090   Code   RO          565    i.bme280_set_regs   bme280.o
    0x00029a02   0x00029a02   0x0000005a   Code   RO          566    i.bme280_set_sensor_mode  bme280.o
    0x00029a5c   0x00029a5c   0x00000062   Code   RO          567    i.bme280_set_sensor_settings  bme280.o
    0x00029abe   0x00029abe   0x00000032   Code   RO          568    i.bme280_soft_reset  bme280.o
    0x00029af0   0x00029af0   0x00000034   Code   RO         1676    i.bme280_spi_init   rak_spi_bme280.o
    0x00029b24   0x00029b24   0x0000000c   Code   RO         2583    i.bsp_board_button_idx_to_pin  boards.o
    0x00029b30   0x00029b30   0x00000024   Code   RO         2587    i.bsp_board_led_invert  boards.o
    0x00029b54   0x00029b54   0x00000010   Code   RO         2588    i.bsp_board_led_off  boards.o
    0x00029b64   0x00029b64   0x00000010   Code   RO         2589    i.bsp_board_led_on  boards.o
    0x00029b74   0x00029b74   0x00000020   Code   RO         2590    i.bsp_board_led_state_get  boards.o
    0x00029b94   0x00029b94   0x00000012   Code   RO         2592    i.bsp_board_leds_off  boards.o
    0x00029ba6   0x00029ba6   0x00000012   Code   RO         2593    i.bsp_board_leds_on  boards.o
    0x00029bb8   0x00029bb8   0x00000024   Code   RO         2594    i.bsp_board_pin_to_button_idx  boards.o
    0x00029bdc   0x00029bdc   0x0000001e   Code   RO         2818    i.bsp_btn_ble_sleep_mode_prepare  bsp_btn_ble.o
    0x00029bfa   0x00029bfa   0x00000002   PAD
    0x00029bfc   0x00029bfc   0x00000090   Code   RO         2696    i.bsp_button_event_handler  bsp.o
    0x00029c8c   0x00029c8c   0x00000044   Code   RO         2700    i.bsp_event_to_button_action_assign  bsp.o
    0x00029cd0   0x00029cd0   0x00000018   Code   RO         2701    i.bsp_indication_set  bsp.o
    0x00029ce8   0x00029ce8   0x000001b8   Code   RO         2703    i.bsp_led_indication  bsp.o
    0x00029ea0   0x00029ea0   0x00000010   Code   RO         2705    i.bsp_wakeup_button_enable  bsp.o
    0x00029eb0   0x00029eb0   0x00000058   Code   RO         5956    i.buf_prealloc      nrf_log_frontend.o
    0x00029f08   0x00029f08   0x00000024   Code   RO         8048    i.bufchar           mqttpacket.o
    0x00029f2c   0x00029f2c   0x0000001e   Code   RO         5314    i.buffer_add        nrf_fprintf_format.o
    0x00029f4a   0x00029f4a   0x00000002   PAD
    0x00029f4c   0x00029f4c   0x00000014   Code   RO         5957    i.buffer_is_empty   nrf_log_frontend.o
    0x00029f60   0x00029f60   0x00000010   Code   RO         3695    i.channel_port_get  nrf_drv_gpiote.o
    0x00029f70   0x00029f70   0x00000028   Code   RO         3487    i.clock_clk_started_notify  nrf_drv_clock.o
    0x00029f98   0x00029f98   0x000000ac   Code   RO         4834    i.compare_reg_update  app_timer.o
    0x0002a044   0x0002a044   0x000001c0   Code   RO          569    i.compensate_humidity  bme280.o
    0x0002a204   0x0002a204   0x000002c4   Code   RO          570    i.compensate_pressure  bme280.o
    0x0002a4c8   0x0002a4c8   0x00000178   Code   RO          571    i.compensate_temperature  bme280.o
    0x0002a640   0x0002a640   0x00000088   Code   RO         2903    i.conn_int_encode   ble_advdata.o
    0x0002a6c8   0x0002a6c8   0x00000004   Code   RO           13    i.conn_params_error_handler  main.o
    0x0002a6cc   0x0002a6cc   0x00000048   Code   RO         3056    i.conn_params_negotiation  ble_conn_params.o
    0x0002a714   0x0002a714   0x0000015c   Code   RO         7146    i.cycle             tc_iot_mqtt.o
    0x0002a870   0x0002a870   0x0000000a   Code   RO         2371    i.delay_ms          rak_uart_gsm.o
    0x0002a87a   0x0002a87a   0x0000009a   Code   RO         7147    i.deliverMessage    tc_iot_mqtt.o
    0x0002a914   0x0002a914   0x000000b8   Code   RO         8355    i.do_rel_data_change  app_main.o
    0x0002a9cc   0x0002a9cc   0x00000200   Code   RO         2372    i.dump_mem          rak_uart_gsm.o
    0x0002abcc   0x0002abcc   0x00000040   Code   RO         4835    i.elapsed_ticks_acquire  app_timer.o
    0x0002ac0c   0x0002ac0c   0x0000004e   Code   RO         5408    i.event_send        nrf_fstorage_sd.o
    0x0002ac5a   0x0002ac5a   0x00000010   Code   RO         8877    i.exp               m_wm.l(exp.o)
    0x0002ac6a   0x0002ac6a   0x00000014   Code   RO         4702    i.fifo_get          app_fifo.o
    0x0002ac7e   0x0002ac7e   0x00000012   Code   RO         4703    i.fifo_put          app_fifo.o
    0x0002ac90   0x0002ac90   0x00000050   Code   RO         8805    i.free              mc_w.l(malloc.o)
    0x0002ace0   0x0002ace0   0x000000a0   Code   RO           16    i.gap_params_init   main.o
    0x0002ad80   0x0002ad80   0x00000054   Code   RO           17    i.gatt_evt_handler  main.o
    0x0002add4   0x0002add4   0x00000030   Code   RO           18    i.gatt_init         main.o
    0x0002ae04   0x0002ae04   0x0000004c   Code   RO         1677    i.get_bme280_data   rak_spi_bme280.o
    0x0002ae50   0x0002ae50   0x000000be   Code   RO          572    i.get_calib_data    bme280.o
    0x0002af0e   0x0002af0e   0x00000002   PAD
    0x0002af10   0x0002af10   0x00000090   Code   RO         1410    i.get_lis2mdl_data  rak_i2c_lis2mdl.o
    0x0002afa0   0x0002afa0   0x00000030   Code   RO         1481    i.get_lis3dh_data   rak_i2c_lis3dh.o
    0x0002afd0   0x0002afd0   0x00000034   Code   RO         1547    i.get_opt3001_data  rak_i2c_opt3001.o
    0x0002b004   0x0002b004   0x0000001a   Code   RO         2373    i.get_printf_ascii  rak_uart_gsm.o
    0x0002b01e   0x0002b01e   0x00000002   PAD
    0x0002b020   0x0002b020   0x00000010   Code   RO         2089    i.get_stamp         bsp_itracker.o
    0x0002b030   0x0002b030   0x00000090   Code   RO         2374    i.gsm_rxbuf_print   rak_uart_gsm.o
    0x0002b0c0   0x0002b0c0   0x000000b4   Code   RO         7499    i.http_post_urlencoded  tc_iot_token.o
    0x0002b174   0x0002b174   0x0000029c   Code   RO         7501    i.http_refresh_auth_token_with_expire  tc_iot_token.o
    0x0002b410   0x0002b410   0x00000014   Code   RO         3057    i.instance_get      ble_conn_params.o
    0x0002b424   0x0002b424   0x000000a6   Code   RO         5315    i.int_print         nrf_fprintf_format.o
    0x0002b4ca   0x0002b4ca   0x00000002   PAD
    0x0002b4cc   0x0002b4cc   0x00000078   Code   RO         3938    i.interrupts_enable  nrf_drv_uart.o
    0x0002b544   0x0002b544   0x000000b6   Code   RO         4282    i.irq_handler_twi   nrf_drv_twi.o
    0x0002b5fa   0x0002b5fa   0x00000066   Code   RO         7148    i.isTopicMatched    tc_iot_mqtt.o
    0x0002b660   0x0002b660   0x00000044   Code   RO         3058    i.is_conn_params_ok  ble_conn_params.o
    0x0002b6a4   0x0002b6a4   0x0000002a   Code   RO         8274    i.jsmn_alloc_token  jsmn.o
    0x0002b6ce   0x0002b6ce   0x0000000c   Code   RO         8275    i.jsmn_fill_token   jsmn.o
    0x0002b6da   0x0002b6da   0x0000000c   Code   RO         8276    i.jsmn_init         jsmn.o
    0x0002b6e6   0x0002b6e6   0x00000192   Code   RO         8277    i.jsmn_parse        jsmn.o
    0x0002b878   0x0002b878   0x00000082   Code   RO         8278    i.jsmn_parse_primitive  jsmn.o
    0x0002b8fa   0x0002b8fa   0x00000002   PAD
    0x0002b8fc   0x0002b8fc   0x000000da   Code   RO         8279    i.jsmn_parse_string  jsmn.o
    0x0002b9d6   0x0002b9d6   0x00000074   Code   RO         7149    i.keepalive         tc_iot_mqtt.o
    0x0002ba4a   0x0002ba4a   0x00000012   Code   RO         8894    i.ldexp             m_wm.l(ldexp.o)
    0x0002ba5c   0x0002ba5c   0x00000030   Code   RO         2707    i.leds_off          bsp.o
    0x0002ba8c   0x0002ba8c   0x00000028   Code   RO         3490    i.lfclk_stop        nrf_drv_clock.o
    0x0002bab4   0x0002bab4   0x00000018   Code   RO         3339    i.link_init         nrf_ble_gatt.o
    0x0002bacc   0x0002bacc   0x0000002a   Code   RO          690    i.lis2mdl_block_data_update_set  lis2mdl_reg.o
    0x0002baf6   0x0002baf6   0x0000002a   Code   RO          696    i.lis2mdl_data_rate_set  lis2mdl_reg.o
    0x0002bb20   0x0002bb20   0x00000014   Code   RO          697    i.lis2mdl_device_id_get  lis2mdl_reg.o
    0x0002bb34   0x0002bb34   0x00000080   Code   RO         1412    i.lis2mdl_init      rak_i2c_lis2mdl.o
    0x0002bbb4   0x0002bbb4   0x00000014   Code   RO          715    i.lis2mdl_magnetic_raw_get  lis2mdl_reg.o
    0x0002bbc8   0x0002bbc8   0x0000002a   Code   RO          719    i.lis2mdl_offset_temp_comp_set  lis2mdl_reg.o
    0x0002bbf2   0x0002bbf2   0x0000002a   Code   RO          721    i.lis2mdl_operating_mode_set  lis2mdl_reg.o
    0x0002bc1c   0x0002bc1c   0x0000000e   Code   RO          724    i.lis2mdl_read_reg  lis2mdl_reg.o
    0x0002bc2a   0x0002bc2a   0x0000001a   Code   RO          725    i.lis2mdl_reset_get  lis2mdl_reg.o
    0x0002bc44   0x0002bc44   0x0000002a   Code   RO          726    i.lis2mdl_reset_set  lis2mdl_reg.o
    0x0002bc6e   0x0002bc6e   0x0000002a   Code   RO          730    i.lis2mdl_set_rst_mode_set  lis2mdl_reg.o
    0x0002bc98   0x0002bc98   0x00000014   Code   RO          733    i.lis2mdl_status_get  lis2mdl_reg.o
    0x0002bcac   0x0002bcac   0x0000001c   Code   RO         1414    i.lis2mdl_twi_init  rak_i2c_lis2mdl.o
    0x0002bcc8   0x0002bcc8   0x0000000e   Code   RO          735    i.lis2mdl_write_reg  lis2mdl_reg.o
    0x0002bcd6   0x0002bcd6   0x00000036   Code   RO         1483    i.lis3dh_init       rak_i2c_lis3dh.o
    0x0002bd0c   0x0002bd0c   0x0000001c   Code   RO         1485    i.lis3dh_twi_init   rak_i2c_lis3dh.o
    0x0002bd28   0x0002bd28   0x000000f8   Code   RO         4836    i.list_insertions_handler  app_timer.o
    0x0002be20   0x0002be20   0x00000054   Code   RO           19    i.log_level_str     main.o
    0x0002be74   0x0002be74   0x00000090   Code   RO         5959    i.log_skip          nrf_log_frontend.o
    0x0002bf04   0x0002bf04   0x000001bc   Code   RO           20    i.main              main.o
    0x0002c0c0   0x0002c0c0   0x0000006c   Code   RO         8806    i.malloc            mc_w.l(malloc.o)
    0x0002c12c   0x0002c12c   0x00000064   Code   RO         2904    i.manuf_specific_data_encode  ble_advdata.o
    0x0002c190   0x0002c190   0x00000076   Code   RO         5506    i.memobj_op         nrf_memobj.o
    0x0002c206   0x0002c206   0x00000012   Code   RO         8909    i.modf              m_wm.l(modf.o)
    0x0002c218   0x0002c218   0x00000038   Code   RO         5960    i.module_idx_get    nrf_log_frontend.o
    0x0002c250   0x0002c250   0x0000009c   Code   RO         2905    i.name_encode       ble_advdata.o
    0x0002c2ec   0x0002c2ec   0x0000000c   Code   RO         5961    i.nrf_atomic_flag_clear_fetch  nrf_log_frontend.o
    0x0002c2f8   0x0002c2f8   0x0000000e   Code   RO         5962    i.nrf_atomic_flag_set  nrf_log_frontend.o
    0x0002c306   0x0002c306   0x00000044   Code   RO         5237    i.nrf_balloc_alloc  nrf_balloc.o
    0x0002c34a   0x0002c34a   0x00000030   Code   RO         5238    i.nrf_balloc_free   nrf_balloc.o
    0x0002c37a   0x0002c37a   0x00000030   Code   RO         5239    i.nrf_balloc_init   nrf_balloc.o
    0x0002c3aa   0x0002c3aa   0x00000010   Code   RO         3696    i.nrf_bitmask_bit_is_set  nrf_drv_gpiote.o
    0x0002c3ba   0x0002c3ba   0x00000018   Code   RO         3341    i.nrf_ble_gatt_att_mtu_periph_set  nrf_ble_gatt.o
    0x0002c3d2   0x0002c3d2   0x00000022   Code   RO         3345    i.nrf_ble_gatt_init  nrf_ble_gatt.o
    0x0002c3f4   0x0002c3f4   0x00000148   Code   RO         3346    i.nrf_ble_gatt_on_ble_evt  nrf_ble_gatt.o
    0x0002c53c   0x0002c53c   0x0000000e   Code   RO         3491    i.nrf_clock_event_check  nrf_drv_clock.o
    0x0002c54a   0x0002c54a   0x00000010   Code   RO         3492    i.nrf_clock_event_clear  nrf_drv_clock.o
    0x0002c55a   0x0002c55a   0x00000002   PAD
    0x0002c55c   0x0002c55c   0x0000008c   Code   RO         1548    i.nrf_delay_us      rak_i2c_opt3001.o
    0x0002c5e8   0x0002c5e8   0x0000008c   Code   RO         1679    i.nrf_delay_us      rak_spi_bme280.o
    0x0002c674   0x0002c674   0x0000008c   Code   RO         1935    i.nrf_delay_us      gps-board.o
    0x0002c700   0x0002c700   0x0000008c   Code   RO         2375    i.nrf_delay_us      rak_uart_gsm.o
    0x0002c78c   0x0002c78c   0x0000008c   Code   RO         4283    i.nrf_delay_us      nrf_drv_twi.o
    0x0002c818   0x0002c818   0x0000008c   Code   RO         4837    i.nrf_delay_us      app_timer.o
    0x0002c8a4   0x0002c8a4   0x0000008c   Code   RO         7714    i.nrf_delay_us      tc_iot_hal_os.o
    0x0002c930   0x0002c930   0x00000048   Code   RO         3499    i.nrf_drv_clock_init  nrf_drv_clock.o
    0x0002c978   0x0002c978   0x0000002c   Code   RO         3503    i.nrf_drv_clock_lfclk_release  nrf_drv_clock.o
    0x0002c9a4   0x0002c9a4   0x00000016   Code   RO         3939    i.nrf_drv_common_irq_disable  nrf_drv_uart.o
    0x0002c9ba   0x0002c9ba   0x00000038   Code   RO         3656    i.nrf_drv_common_irq_enable  nrf_drv_common.o
    0x0002c9f2   0x0002c9f2   0x00000006   Code   RO         3940    i.nrf_drv_get_IRQn  nrf_drv_uart.o
    0x0002c9f8   0x0002c9f8   0x00000010   Code   RO         3941    i.nrf_drv_is_in_RAM  nrf_drv_uart.o
    0x0002ca08   0x0002ca08   0x00000010   Code   RO         4168    i.nrf_drv_is_in_RAM  nrf_drv_spi.o
    0x0002ca18   0x0002ca18   0x0000000c   Code   RO         1487    i.nrf_drv_lis3dh_read_reg  rak_i2c_lis3dh.o
    0x0002ca24   0x0002ca24   0x00000010   Code   RO         1488    i.nrf_drv_lis3dh_write_reg  rak_i2c_lis3dh.o
    0x0002ca34   0x0002ca34   0x000000a0   Code   RO         4462    i.nrf_drv_rtc_int_handler  nrf_drv_rtc.o
    0x0002cad4   0x0002cad4   0x00000128   Code   RO         4171    i.nrf_drv_spi_init  nrf_drv_spi.o
    0x0002cbfc   0x0002cbfc   0x0000001c   Code   RO         4173    i.nrf_drv_spi_transfer  nrf_drv_spi.o
    0x0002cc18   0x0002cc18   0x00000068   Code   RO         4174    i.nrf_drv_spi_uninit  nrf_drv_spi.o
    0x0002cc80   0x0002cc80   0x00000060   Code   RO         4175    i.nrf_drv_spi_xfer  nrf_drv_spi.o
    0x0002cce0   0x0002cce0   0x00000030   Code   RO         4285    i.nrf_drv_twi_disable  nrf_drv_twi.o
    0x0002cd10   0x0002cd10   0x00000020   Code   RO         4286    i.nrf_drv_twi_enable  nrf_drv_twi.o
    0x0002cd30   0x0002cd30   0x00000028   Code   RO         1340    i.nrf_drv_twi_event_handler  rak_i2c_sensor.o
    0x0002cd58   0x0002cd58   0x0000008c   Code   RO         4287    i.nrf_drv_twi_init  nrf_drv_twi.o
    0x0002cde4   0x0002cde4   0x00000024   Code   RO         4289    i.nrf_drv_twi_rx    nrf_drv_twi.o
    0x0002ce08   0x0002ce08   0x00000024   Code   RO         4292    i.nrf_drv_twi_tx    nrf_drv_twi.o
    0x0002ce2c   0x0002ce2c   0x0000006c   Code   RO         4293    i.nrf_drv_twi_uninit  nrf_drv_twi.o
    0x0002ce98   0x0002ce98   0x0000002c   Code   RO         4294    i.nrf_drv_twi_xfer  nrf_drv_twi.o
    0x0002cec4   0x0002cec4   0x00000068   Code   RO         3943    i.nrf_drv_uart_init  nrf_drv_uart.o
    0x0002cf2c   0x0002cf2c   0x000000b0   Code   RO         3944    i.nrf_drv_uart_rx   nrf_drv_uart.o
    0x0002cfdc   0x0002cfdc   0x00000030   Code   RO         3947    i.nrf_drv_uart_rx_enable  nrf_drv_uart.o
    0x0002d00c   0x0002d00c   0x000000a8   Code   RO         3948    i.nrf_drv_uart_rx_for_uart  nrf_drv_uart.o
    0x0002d0b4   0x0002d0b4   0x000000b0   Code   RO         3949    i.nrf_drv_uart_rx_for_uarte  nrf_drv_uart.o
    0x0002d164   0x0002d164   0x0000010c   Code   RO         3951    i.nrf_drv_uart_tx   nrf_drv_uart.o
    0x0002d270   0x0002d270   0x00000018   Code   RO         3953    i.nrf_drv_uart_tx_in_progress  nrf_drv_uart.o
    0x0002d288   0x0002d288   0x00000054   Code   RO         3954    i.nrf_drv_uart_uninit  nrf_drv_uart.o
    0x0002d2dc   0x0002d2dc   0x0000001a   Code   RO         5278    i.nrf_fprintf       nrf_fprintf.o
    0x0002d2f6   0x0002d2f6   0x00000018   Code   RO         5279    i.nrf_fprintf_buffer_flush  nrf_fprintf.o
    0x0002d30e   0x0002d30e   0x000001da   Code   RO         5316    i.nrf_fprintf_fmt   nrf_fprintf_format.o
    0x0002d4e8   0x0002d4e8   0x00000050   Code   RO         5355    i.nrf_fstorage_is_busy  nrf_fstorage.o
    0x0002d538   0x0002d538   0x00000020   Code   RO         5411    i.nrf_fstorage_sdh_req_handler  nrf_fstorage_sd.o
    0x0002d558   0x0002d558   0x00000020   Code   RO         5412    i.nrf_fstorage_sdh_state_handler  nrf_fstorage_sd.o
    0x0002d578   0x0002d578   0x000000b8   Code   RO         5413    i.nrf_fstorage_sys_evt_handler  nrf_fstorage_sd.o
    0x0002d630   0x0002d630   0x00000024   Code   RO         3955    i.nrf_gpio_cfg      nrf_drv_uart.o
    0x0002d654   0x0002d654   0x00000024   Code   RO         4176    i.nrf_gpio_cfg      nrf_drv_spi.o
    0x0002d678   0x0002d678   0x00000012   Code   RO         3956    i.nrf_gpio_cfg_default  nrf_drv_uart.o
    0x0002d68a   0x0002d68a   0x00000012   Code   RO         3957    i.nrf_gpio_cfg_input  nrf_drv_uart.o
    0x0002d69c   0x0002d69c   0x00000010   Code   RO         2093    i.nrf_gpio_cfg_output  bsp_itracker.o
    0x0002d6ac   0x0002d6ac   0x00000014   Code   RO         3958    i.nrf_gpio_cfg_output  nrf_drv_uart.o
    0x0002d6c0   0x0002d6c0   0x00000014   Code   RO         4177    i.nrf_gpio_cfg_output  nrf_drv_spi.o
    0x0002d6d4   0x0002d6d4   0x00000022   Code   RO         2709    i.nrf_gpio_cfg_sense_set  bsp.o
    0x0002d6f6   0x0002d6f6   0x00000022   Code   RO         3722    i.nrf_gpio_cfg_sense_set  nrf_drv_gpiote.o
    0x0002d718   0x0002d718   0x0000000e   Code   RO         4178    i.nrf_gpio_pin_set  nrf_drv_spi.o
    0x0002d726   0x0002d726   0x0000000e   Code   RO         4295    i.nrf_gpio_pin_set  nrf_drv_twi.o
    0x0002d734   0x0002d734   0x00000016   Code   RO         1680    i.nrf_gpio_pin_write  rak_spi_bme280.o
    0x0002d74a   0x0002d74a   0x00000016   Code   RO         1936    i.nrf_gpio_pin_write  gps-board.o
    0x0002d760   0x0002d760   0x00000016   Code   RO         2376    i.nrf_gpio_pin_write  rak_uart_gsm.o
    0x0002d776   0x0002d776   0x00000016   Code   RO         2597    i.nrf_gpio_pin_write  boards.o
    0x0002d78c   0x0002d78c   0x00000028   Code   RO         3723    i.nrf_gpio_ports_read  nrf_drv_gpiote.o
    0x0002d7b4   0x0002d7b4   0x00000014   Code   RO         3724    i.nrf_gpiote_event_clear  nrf_drv_gpiote.o
    0x0002d7c8   0x0002d7c8   0x00000010   Code   RO         3725    i.nrf_gpiote_event_is_set  nrf_drv_gpiote.o
    0x0002d7d8   0x0002d7d8   0x00000068   Code   RO         5963    i.nrf_log_backend_add  nrf_log_frontend.o
    0x0002d840   0x0002d840   0x00000002   Code   RO         5831    i.nrf_log_backend_rtt_flush  nrf_log_backend_rtt.o
    0x0002d842   0x0002d842   0x00000004   Code   RO         5832    i.nrf_log_backend_rtt_init  nrf_log_backend_rtt.o
    0x0002d846   0x0002d846   0x00000002   Code   RO         5833    i.nrf_log_backend_rtt_panic_set  nrf_log_backend_rtt.o
    0x0002d848   0x0002d848   0x00000018   Code   RO         5834    i.nrf_log_backend_rtt_put  nrf_log_backend_rtt.o
    0x0002d860   0x0002d860   0x000000d2   Code   RO         5888    i.nrf_log_backend_serial_put  nrf_log_backend_serial.o
    0x0002d932   0x0002d932   0x00000002   PAD
    0x0002d934   0x0002d934   0x00000028   Code   RO         5965    i.nrf_log_color_id_get  nrf_log_frontend.o
    0x0002d95c   0x0002d95c   0x0000001c   Code   RO         5922    i.nrf_log_default_backends_init  nrf_log_default_backends.o
    0x0002d978   0x0002d978   0x000001ac   Code   RO         5966    i.nrf_log_frontend_dequeue  nrf_log_frontend.o
    0x0002db24   0x0002db24   0x00000008   Code   RO         5968    i.nrf_log_frontend_std_0  nrf_log_frontend.o
    0x0002db2c   0x0002db2c   0x0000000e   Code   RO         5969    i.nrf_log_frontend_std_1  nrf_log_frontend.o
    0x0002db3a   0x0002db3a   0x00000010   Code   RO         5970    i.nrf_log_frontend_std_2  nrf_log_frontend.o
    0x0002db4a   0x0002db4a   0x00000002   PAD
    0x0002db4c   0x0002db4c   0x000000ac   Code   RO         6150    i.nrf_log_hexdump_entry_process  nrf_log_str_formatter.o
    0x0002dbf8   0x0002dbf8   0x0000005c   Code   RO         5975    i.nrf_log_init      nrf_log_frontend.o
    0x0002dc54   0x0002dc54   0x00000014   Code   RO         5976    i.nrf_log_module_cnt_get  nrf_log_frontend.o
    0x0002dc68   0x0002dc68   0x00000024   Code   RO         5977    i.nrf_log_module_filter_get  nrf_log_frontend.o
    0x0002dc8c   0x0002dc8c   0x0000001c   Code   RO         5979    i.nrf_log_module_name_get  nrf_log_frontend.o
    0x0002dca8   0x0002dca8   0x00000028   Code   RO         5980    i.nrf_log_panic     nrf_log_frontend.o
    0x0002dcd0   0x0002dcd0   0x000000b6   Code   RO         6151    i.nrf_log_std_entry_process  nrf_log_str_formatter.o
    0x0002dd86   0x0002dd86   0x00000060   Code   RO         5507    i.nrf_memobj_alloc  nrf_memobj.o
    0x0002dde6   0x0002dde6   0x00000032   Code   RO         5508    i.nrf_memobj_free   nrf_memobj.o
    0x0002de18   0x0002de18   0x0000000e   Code   RO         5509    i.nrf_memobj_get    nrf_memobj.o
    0x0002de26   0x0002de26   0x00000004   Code   RO         5510    i.nrf_memobj_pool_init  nrf_memobj.o
    0x0002de2a   0x0002de2a   0x00000022   Code   RO         5511    i.nrf_memobj_put    nrf_memobj.o
    0x0002de4c   0x0002de4c   0x0000000c   Code   RO         5512    i.nrf_memobj_read   nrf_memobj.o
    0x0002de58   0x0002de58   0x0000000c   Code   RO         5513    i.nrf_memobj_write  nrf_memobj.o
    0x0002de64   0x0002de64   0x0000000c   Code   RO         4469    i.nrf_rtc_event_clear  nrf_drv_rtc.o
    0x0002de70   0x0002de70   0x00000014   Code   RO         6554    i.nrf_sdh_ble_app_ram_start_get  nrf_sdh_ble.o
    0x0002de84   0x0002de84   0x00000158   Code   RO         6555    i.nrf_sdh_ble_default_cfg_set  nrf_sdh_ble.o
    0x0002dfdc   0x0002dfdc   0x000000d0   Code   RO         6556    i.nrf_sdh_ble_enable  nrf_sdh_ble.o
    0x0002e0ac   0x0002e0ac   0x00000050   Code   RO         6557    i.nrf_sdh_ble_evts_poll  nrf_sdh_ble.o
    0x0002e0fc   0x0002e0fc   0x00000040   Code   RO         6429    i.nrf_sdh_disable_request  nrf_sdh.o
    0x0002e13c   0x0002e13c   0x00000058   Code   RO         6430    i.nrf_sdh_enable_request  nrf_sdh.o
    0x0002e194   0x0002e194   0x00000024   Code   RO         6431    i.nrf_sdh_evts_poll  nrf_sdh.o
    0x0002e1b8   0x0002e1b8   0x0000000c   Code   RO         6432    i.nrf_sdh_is_enabled  nrf_sdh.o
    0x0002e1c4   0x0002e1c4   0x0000001c   Code   RO         6434    i.nrf_sdh_request_continue  nrf_sdh.o
    0x0002e1e0   0x0002e1e0   0x0000003c   Code   RO         6604    i.nrf_sdh_soc_evts_poll  nrf_sdh_soc.o
    0x0002e21c   0x0002e21c   0x0000000a   Code   RO         5660    i.nrf_section_iter_init  nrf_section_iter.o
    0x0002e226   0x0002e226   0x00000024   Code   RO         5661    i.nrf_section_iter_item_set  nrf_section_iter.o
    0x0002e24a   0x0002e24a   0x00000020   Code   RO         5662    i.nrf_section_iter_next  nrf_section_iter.o
    0x0002e26a   0x0002e26a   0x0000000a   Code   RO         4179    i.nrf_spim_event_check  nrf_drv_spi.o
    0x0002e274   0x0002e274   0x00000038   Code   RO         5695    i.nrf_strerror_find  nrf_strerror.o
    0x0002e2ac   0x0002e2ac   0x00000014   Code   RO         5696    i.nrf_strerror_get  nrf_strerror.o
    0x0002e2c0   0x0002e2c0   0x0000000a   Code   RO         4296    i.nrf_twi_event_check  nrf_drv_twi.o
    0x0002e2ca   0x0002e2ca   0x0000000c   Code   RO         4297    i.nrf_twi_event_clear  nrf_drv_twi.o
    0x0002e2d6   0x0002e2d6   0x0000000a   Code   RO         3959    i.nrf_uart_event_check  nrf_drv_uart.o
    0x0002e2e0   0x0002e2e0   0x0000000c   Code   RO         3960    i.nrf_uart_event_clear  nrf_drv_uart.o
    0x0002e2ec   0x0002e2ec   0x0000000c   Code   RO         3961    i.nrf_uart_int_enable_check  nrf_drv_uart.o
    0x0002e2f8   0x0002e2f8   0x0000000a   Code   RO         3962    i.nrf_uarte_event_check  nrf_drv_uart.o
    0x0002e302   0x0002e302   0x0000000c   Code   RO         3963    i.nrf_uarte_event_clear  nrf_drv_uart.o
    0x0002e30e   0x0002e30e   0x00000018   Code   RO          573    i.null_ptr_check    bme280.o
    0x0002e326   0x0002e326   0x00000002   PAD
    0x0002e328   0x0002e328   0x000000dc   Code   RO           21    i.nus_data_handler  main.o
    0x0002e404   0x0002e404   0x00000024   Code   RO           22    i.on_adv_evt        main.o
    0x0002e428   0x0002e428   0x0000001c   Code   RO           23    i.on_conn_params_evt  main.o
    0x0002e444   0x0002e444   0x0000009c   Code   RO         3347    i.on_connected_evt  nrf_ble_gatt.o
    0x0002e4e0   0x0002e4e0   0x00000074   Code   RO         3348    i.on_exchange_mtu_request_evt  nrf_ble_gatt.o
    0x0002e554   0x0002e554   0x00000002   Code   RO         8357    i.operate_device    app_main.o
    0x0002e556   0x0002e556   0x00000050   Code   RO         1288    i.opt3001_get_id    sensor_opt3001.o
    0x0002e5a6   0x0002e5a6   0x00000002   PAD
    0x0002e5a8   0x0002e5a8   0x00000088   Code   RO         1550    i.opt3001_init      rak_i2c_opt3001.o
    0x0002e630   0x0002e630   0x0000001c   Code   RO         1551    i.opt3001_twi_init  rak_i2c_opt3001.o
    0x0002e64c   0x0002e64c   0x00000026   Code   RO          574    i.parse_device_settings  bme280.o
    0x0002e672   0x0002e672   0x00000002   PAD
    0x0002e674   0x0002e674   0x00000078   Code   RO         3964    i.pins_to_default   nrf_drv_uart.o
    0x0002e6ec   0x0002e6ec   0x00000006   Code   RO         1416    i.platform_read     rak_i2c_lis2mdl.o
    0x0002e6f2   0x0002e6f2   0x00000006   Code   RO         1417    i.platform_write    rak_i2c_lis2mdl.o
    0x0002e6f8   0x0002e6f8   0x0000003c   Code   RO         6152    i.postfix_process   nrf_log_str_formatter.o
    0x0002e734   0x0002e734   0x0000005c   Code   RO         6153    i.prefix_process    nrf_log_str_formatter.o
    0x0002e790   0x0002e790   0x00000042   Code   RO          575    i.put_device_to_sleep  bme280.o
    0x0002e7d2   0x0002e7d2   0x00000002   PAD
    0x0002e7d4   0x0002e7d4   0x00000088   Code   RO         5415    i.queue_process     nrf_fstorage_sd.o
    0x0002e85c   0x0002e85c   0x0000000c   Code   RO         1341    i.rak_i2c_deinit    rak_i2c_sensor.o
    0x0002e868   0x0002e868   0x00000024   Code   RO         1342    i.rak_i2c_init      rak_i2c_sensor.o
    0x0002e88c   0x0002e88c   0x0000006c   Code   RO         1343    i.rak_i2c_read      rak_i2c_sensor.o
    0x0002e8f8   0x0002e8f8   0x00000050   Code   RO         1344    i.rak_i2c_write     rak_i2c_sensor.o
    0x0002e948   0x0002e948   0x0000000c   Code   RO         1610    i.rak_spi_deinit    rak_spi_sensor.o
    0x0002e954   0x0002e954   0x00000014   Code   RO         1611    i.rak_spi_init      rak_spi_sensor.o
    0x0002e968   0x0002e968   0x00000060   Code   RO         1612    i.rak_spi_read      rak_spi_sensor.o
    0x0002e9c8   0x0002e9c8   0x0000004c   Code   RO         1613    i.rak_spi_write     rak_spi_sensor.o
    0x0002ea14   0x0002ea14   0x0000000c   Code   RO         8050    i.readChar          mqttpacket.o
    0x0002ea20   0x0002ea20   0x00000012   Code   RO         8051    i.readInt           mqttpacket.o
    0x0002ea32   0x0002ea32   0x00000034   Code   RO         8052    i.readMQTTLenString  mqttpacket.o
    0x0002ea66   0x0002ea66   0x0000010e   Code   RO         7150    i.readPacket        tc_iot_mqtt.o
    0x0002eb74   0x0002eb74   0x0000000c   Code   RO         7773    i.rtc1_get_sys_tick  tc_iot_hal_timer.o
    0x0002eb80   0x0002eb80   0x0000003c   Code   RO         4838    i.rtc1_stop         app_timer.o
    0x0002ebbc   0x0002ebbc   0x00000032   Code   RO         3965    i.rx_byte           nrf_drv_uart.o
    0x0002ebee   0x0002ebee   0x000000a2   Code   RO         3439    i.rx_char_add       ble_nus.o
    0x0002ec90   0x0002ec90   0x00000018   Code   RO         3966    i.rx_done_event     nrf_drv_uart.o
    0x0002eca8   0x0002eca8   0x00000020   Code   RO         3967    i.rx_enable         nrf_drv_uart.o
    0x0002ecc8   0x0002ecc8   0x00000040   Code   RO         6437    i.sd_nvic_DisableIRQ  nrf_sdh.o
    0x0002ed08   0x0002ed08   0x00000070   Code   RO         6438    i.sd_nvic_EnableIRQ  nrf_sdh.o
    0x0002ed78   0x0002ed78   0x00000054   Code   RO         3506    i.sd_state_evt_handler  nrf_drv_clock.o
    0x0002edcc   0x0002edcc   0x00000030   Code   RO         6439    i.sdh_request_observer_notify  nrf_sdh.o
    0x0002edfc   0x0002edfc   0x0000002c   Code   RO         6440    i.sdh_state_observer_notify  nrf_sdh.o
    0x0002ee28   0x0002ee28   0x00000044   Code   RO         5766    i.sdk_mapped_flags_bulk_update_by_key  sdk_mapped_flags.o
    0x0002ee6c   0x0002ee6c   0x00000022   Code   RO         5767    i.sdk_mapped_flags_first_key_index_get  sdk_mapped_flags.o
    0x0002ee8e   0x0002ee8e   0x00000010   Code   RO         5768    i.sdk_mapped_flags_get_by_index  sdk_mapped_flags.o
    0x0002ee9e   0x0002ee9e   0x0000004a   Code   RO         5771    i.sdk_mapped_flags_key_list_get  sdk_mapped_flags.o
    0x0002eee8   0x0002eee8   0x0000000e   Code   RO         5773    i.sdk_mapped_flags_update_by_key  sdk_mapped_flags.o
    0x0002eef6   0x0002eef6   0x00000002   PAD
    0x0002eef8   0x0002eef8   0x00000010   Code   RO         3059    i.send_error_evt    ble_conn_params.o
    0x0002ef08   0x0002ef08   0x00000050   Code   RO         1289    i.sensorOpt3001Convert  sensor_opt3001.o
    0x0002ef58   0x0002ef58   0x0000001e   Code   RO         1290    i.sensorOpt3001Enable  sensor_opt3001.o
    0x0002ef76   0x0002ef76   0x0000003a   Code   RO         1292    i.sensorOpt3001Read  sensor_opt3001.o
    0x0002efb0   0x0002efb0   0x00000018   Code   RO         1552    i.sensorReadReg     rak_i2c_opt3001.o
    0x0002efc8   0x0002efc8   0x00000018   Code   RO         1553    i.sensorWriteReg    rak_i2c_opt3001.o
    0x0002efe0   0x0002efe0   0x00000100   Code   RO           25    i.sensor_collect_timer_handle  main.o
    0x0002f0e0   0x0002f0e0   0x00000028   Code   RO           26    i.sensor_collect_timer_init  main.o
    0x0002f108   0x0002f108   0x00000228   Code   RO           27    i.sensors_init      main.o
    0x0002f330   0x0002f330   0x0000002a   Code   RO         5835    i.serial_tx         nrf_log_backend_rtt.o
    0x0002f35a   0x0002f35a   0x00000002   PAD
    0x0002f35c   0x0002f35c   0x00000088   Code   RO         2906    i.service_data_encode  ble_advdata.o
    0x0002f3e4   0x0002f3e4   0x0000004e   Code   RO          576    i.set_filter_standby_settings  bme280.o
    0x0002f432   0x0002f432   0x00000098   Code   RO          577    i.set_osr_settings  bme280.o
    0x0002f4ca   0x0002f4ca   0x00000028   Code   RO           28    i.sleep_mode_enter  main.o
    0x0002f4f2   0x0002f4f2   0x0000000a   Code   RO         3507    i.soc_evt_handler   nrf_drv_clock.o
    0x0002f4fc   0x0002f4fc   0x0000000c   Code   RO         1614    i.spi_event_handler  rak_spi_sensor.o
    0x0002f508   0x0002f508   0x000000b2   Code   RO         4180    i.spim_xfer         nrf_drv_spi.o
    0x0002f5ba   0x0002f5ba   0x00000002   PAD
    0x0002f5bc   0x0002f5bc   0x00000120   Code   RO           29    i.start_collect_data  main.o
    0x0002f6dc   0x0002f6dc   0x00000098   Code   RO         5982    i.std_n             nrf_log_frontend.o
    0x0002f774   0x0002f774   0x00000034   Code   RO         1683    i.stream_sensor_data_normal_mode  rak_spi_bme280.o
    0x0002f7a8   0x0002f7a8   0x00000258   Code   RO         8358    i.tc_io_main        app_main.o
    0x0002fa00   0x0002fa00   0x000000c8   Code   RO         6634    i.tc_iot_base64_encode  tc_iot_base64.o
    0x0002fac8   0x0002fac8   0x00000120   Code   RO         6738    i.tc_iot_calc_auth_sign  tc_iot_http_utils.o
    0x0002fbe8   0x0002fbe8   0x00000048   Code   RO         7532    i.tc_iot_confirm_devcie_data  tc_iot_shadow_property.o
    0x0002fc30   0x0002fc30   0x0000001c   Code   RO         7638    i.tc_iot_copy_net_context  tc_iot_hal_net.o
    0x0002fc4c   0x0002fc4c   0x00000128   Code   RO         6740    i.tc_iot_create_auth_request_form  tc_iot_http_utils.o
    0x0002fd74   0x0002fd74   0x00000110   Code   RO         6741    i.tc_iot_create_http_request  tc_iot_http_utils.o
    0x0002fe84   0x0002fe84   0x00000068   Code   RO         6742    i.tc_iot_create_post_request  tc_iot_http_utils.o
    0x0002feec   0x0002feec   0x000000d0   Code   RO         7533    i.tc_iot_device_on_message_received  tc_iot_shadow_property.o
    0x0002ffbc   0x0002ffbc   0x00000032   Code   RO         7315    i.tc_iot_find_empty_session  tc_iot_shadow.o
    0x0002ffee   0x0002ffee   0x00000002   PAD
    0x0002fff0   0x0002fff0   0x00000008   Code   RO         8402    i.tc_iot_get_shadow_client  tc_iot_device_logic.o
    0x0002fff8   0x0002fff8   0x0000002c   Code   RO         7774    i.tc_iot_hal_get_ms  tc_iot_hal_timer.o
    0x00030024   0x00030024   0x000000ec   Code   RO         7639    i.tc_iot_hal_net_connect  tc_iot_hal_net.o
    0x00030110   0x00030110   0x00000004   Code   RO         7640    i.tc_iot_hal_net_destroy  tc_iot_hal_net.o
    0x00030114   0x00030114   0x00000008   Code   RO         7641    i.tc_iot_hal_net_disconnect  tc_iot_hal_net.o
    0x0003011c   0x0003011c   0x00000048   Code   RO         7642    i.tc_iot_hal_net_init  tc_iot_hal_net.o
    0x00030164   0x00030164   0x00000004   Code   RO         7643    i.tc_iot_hal_net_is_connected  tc_iot_hal_net.o
    0x00030168   0x00030168   0x0000009c   Code   RO         7644    i.tc_iot_hal_net_read  tc_iot_hal_net.o
    0x00030204   0x00030204   0x00000048   Code   RO         7645    i.tc_iot_hal_net_write  tc_iot_hal_net.o
    0x0003024c   0x0003024c   0x00000010   Code   RO         7715    i.tc_iot_hal_random  tc_iot_hal_os.o
    0x0003025c   0x0003025c   0x00000010   Code   RO         7716    i.tc_iot_hal_sleep_ms  tc_iot_hal_os.o
    0x0003026c   0x0003026c   0x0000000c   Code   RO         7717    i.tc_iot_hal_srandom  tc_iot_hal_os.o
    0x00030278   0x00030278   0x00000008   Code   RO         7775    i.tc_iot_hal_timer_countdown_ms  tc_iot_hal_timer.o
    0x00030280   0x00030280   0x0000000e   Code   RO         7776    i.tc_iot_hal_timer_countdown_second  tc_iot_hal_timer.o
    0x0003028e   0x0003028e   0x0000000c   Code   RO         7777    i.tc_iot_hal_timer_init  tc_iot_hal_timer.o
    0x0003029a   0x0003029a   0x00000016   Code   RO         7778    i.tc_iot_hal_timer_is_expired  tc_iot_hal_timer.o
    0x000302b0   0x000302b0   0x0000000e   Code   RO         7779    i.tc_iot_hal_timer_left_ms  tc_iot_hal_timer.o
    0x000302be   0x000302be   0x00000006   Code   RO         7718    i.tc_iot_hal_timestamp  tc_iot_hal_os.o
    0x000302c4   0x000302c4   0x0000007c   Code   RO         6701    i.tc_iot_hmac_sha256  tc_iot_hmac.o
    0x00030340   0x00030340   0x00000082   Code   RO         6702    i.tc_iot_hmac_sha256_init  tc_iot_hmac.o
    0x000303c2   0x000303c2   0x00000002   PAD
    0x000303c4   0x000303c4   0x00000048   Code   RO         6743    i.tc_iot_http_request_append_body  tc_iot_http_utils.o
    0x0003040c   0x0003040c   0x00000060   Code   RO         6744    i.tc_iot_http_request_append_header  tc_iot_http_utils.o
    0x0003046c   0x0003046c   0x00000068   Code   RO         6745    i.tc_iot_http_request_init  tc_iot_http_utils.o
    0x000304d4   0x000304d4   0x00000058   Code   RO         6746    i.tc_iot_http_request_n_append_header  tc_iot_http_utils.o
    0x0003052c   0x0003052c   0x00000034   Code   RO         7151    i.tc_iot_init_mqtt_conn_data  tc_iot_mqtt.o
    0x00030560   0x00030560   0x00000076   Code   RO         6819    i.tc_iot_json_escape  tc_iot_json.o
    0x000305d6   0x000305d6   0x00000002   PAD
    0x000305d8   0x000305d8   0x000000f0   Code   RO         6820    i.tc_iot_json_find_token  tc_iot_json.o
    0x000306c8   0x000306c8   0x0000003c   Code   RO         6822    i.tc_iot_json_parse  tc_iot_json.o
    0x00030704   0x00030704   0x000000ba   Code   RO         6825    i.tc_iot_json_unescape  tc_iot_json.o
    0x000307be   0x000307be   0x00000036   Code   RO         6827    i.tc_iot_jsoneq_len  tc_iot_json.o
    0x000307f4   0x000307f4   0x00000064   Code   RO         7080    i.tc_iot_mqtt_client_connect  tc_iot_client.o
    0x00030858   0x00030858   0x00000028   Code   RO         7081    i.tc_iot_mqtt_client_construct  tc_iot_client.o
    0x00030880   0x00030880   0x0000000c   Code   RO         7083    i.tc_iot_mqtt_client_disconnect  tc_iot_client.o
    0x0003088c   0x0003088c   0x0000000e   Code   RO         7084    i.tc_iot_mqtt_client_is_connected  tc_iot_client.o
    0x0003089a   0x0003089a   0x00000010   Code   RO         7085    i.tc_iot_mqtt_client_publish  tc_iot_client.o
    0x000308aa   0x000308aa   0x00000018   Code   RO         7086    i.tc_iot_mqtt_client_subscribe  tc_iot_client.o
    0x000308c2   0x000308c2   0x0000000c   Code   RO         7088    i.tc_iot_mqtt_client_yield  tc_iot_client.o
    0x000308ce   0x000308ce   0x00000012   Code   RO         7152    i.tc_iot_mqtt_connect  tc_iot_mqtt.o
    0x000308e0   0x000308e0   0x00000106   Code   RO         7153    i.tc_iot_mqtt_connect_with_results  tc_iot_mqtt.o
    0x000309e6   0x000309e6   0x0000005a   Code   RO         7155    i.tc_iot_mqtt_disconnect  tc_iot_mqtt.o
    0x00030a40   0x00030a40   0x0000000a   Code   RO         7156    i.tc_iot_mqtt_get_auto_reconnect  tc_iot_mqtt.o
    0x00030a4a   0x00030a4a   0x0000000a   Code   RO         7157    i.tc_iot_mqtt_get_state  tc_iot_mqtt.o
    0x00030a54   0x00030a54   0x000000e4   Code   RO         7158    i.tc_iot_mqtt_init  tc_iot_mqtt.o
    0x00030b38   0x00030b38   0x00000018   Code   RO         7159    i.tc_iot_mqtt_is_connected  tc_iot_mqtt.o
    0x00030b50   0x00030b50   0x00000108   Code   RO         7160    i.tc_iot_mqtt_publish  tc_iot_mqtt.o
    0x00030c58   0x00030c58   0x00000110   Code   RO         7161    i.tc_iot_mqtt_reconnect  tc_iot_mqtt.o
    0x00030d68   0x00030d68   0x000000a0   Code   RO         7163    i.tc_iot_mqtt_set_message_handler  tc_iot_mqtt.o
    0x00030e08   0x00030e08   0x00000010   Code   RO         7164    i.tc_iot_mqtt_set_state  tc_iot_mqtt.o
    0x00030e18   0x00030e18   0x0000001c   Code   RO         7165    i.tc_iot_mqtt_subscribe  tc_iot_mqtt.o
    0x00030e34   0x00030e34   0x00000106   Code   RO         7166    i.tc_iot_mqtt_subscribe_with_results  tc_iot_mqtt.o
    0x00030f3a   0x00030f3a   0x0000007e   Code   RO         7168    i.tc_iot_mqtt_yield  tc_iot_mqtt.o
    0x00030fb8   0x00030fb8   0x00000068   Code   RO         6747    i.tc_iot_parse_http_response_code  tc_iot_http_utils.o
    0x00031020   0x00031020   0x0000004c   Code   RO         7719    i.tc_iot_random     tc_iot_hal_os.o
    0x0003106c   0x0003106c   0x0000000c   Code   RO         7316    i.tc_iot_release_session  tc_iot_shadow.o
    0x00031078   0x00031078   0x00000028   Code   RO         7534    i.tc_iot_report_device_data  tc_iot_shadow_property.o
    0x000310a0   0x000310a0   0x00000030   Code   RO         7535    i.tc_iot_report_firm  tc_iot_shadow_property.o
    0x000310d0   0x000310d0   0x0000000a   Code   RO         7536    i.tc_iot_server_destroy  tc_iot_shadow_property.o
    0x000310da   0x000310da   0x00000002   PAD
    0x000310dc   0x000310dc   0x00000048   Code   RO         7537    i.tc_iot_server_init  tc_iot_shadow_property.o
    0x00031124   0x00031124   0x00000004   Code   RO         7538    i.tc_iot_server_loop  tc_iot_shadow_property.o
    0x00031128   0x00031128   0x00000094   Code   RO         6703    i.tc_iot_sha256_finish  tc_iot_hmac.o
    0x000311bc   0x000311bc   0x00000024   Code   RO         6704    i.tc_iot_sha256_init  tc_iot_hmac.o
    0x000311e0   0x000311e0   0x00000204   Code   RO         6705    i.tc_iot_sha256_update  tc_iot_hmac.o
    0x000313e4   0x000313e4   0x00000250   Code   RO         7318    i.tc_iot_shadow_check_and_report  tc_iot_shadow.o
    0x00031634   0x00031634   0x00000026   Code   RO         7319    i.tc_iot_shadow_cmp_desired_with_local  tc_iot_shadow.o
    0x0003165a   0x0003165a   0x00000046   Code   RO         7320    i.tc_iot_shadow_cmp_local  tc_iot_shadow.o
    0x000316a0   0x000316a0   0x00000022   Code   RO         7321    i.tc_iot_shadow_cmp_reported_with_local  tc_iot_shadow.o
    0x000316c2   0x000316c2   0x00000002   PAD
    0x000316c4   0x000316c4   0x0000003c   Code   RO         7322    i.tc_iot_shadow_confirm_change  tc_iot_shadow.o
    0x00031700   0x00031700   0x00000040   Code   RO         7323    i.tc_iot_shadow_construct  tc_iot_shadow.o
    0x00031740   0x00031740   0x0000003c   Code   RO         7324    i.tc_iot_shadow_copy_local_to_reported  tc_iot_shadow.o
    0x0003177c   0x0003177c   0x0000000c   Code   RO         7326    i.tc_iot_shadow_destroy  tc_iot_shadow.o
    0x00031788   0x00031788   0x0000001c   Code   RO         7327    i.tc_iot_shadow_doc_pack_end  tc_iot_shadow.o
    0x000317a4   0x000317a4   0x0000002c   Code   RO         7330    i.tc_iot_shadow_doc_pack_for_get_with_sid  tc_iot_shadow.o
    0x000317d0   0x000317d0   0x000000a4   Code   RO         7334    i.tc_iot_shadow_doc_pack_start  tc_iot_shadow.o
    0x00031874   0x00031874   0x000000a4   Code   RO         7539    i.tc_iot_shadow_doc_parse  tc_iot_shadow_property.o
    0x00031918   0x00031918   0x00000028   Code   RO         7540    i.tc_iot_shadow_event_notify  tc_iot_shadow_property.o
    0x00031940   0x00031940   0x00000094   Code   RO         7335    i.tc_iot_shadow_get  tc_iot_shadow.o
    0x000319d4   0x000319d4   0x000000c0   Code   RO         7337    i.tc_iot_shadow_report_property  tc_iot_shadow.o
    0x00031a94   0x00031a94   0x00000042   Code   RO         7338    i.tc_iot_shadow_save_to_cached  tc_iot_shadow.o
    0x00031ad6   0x00031ad6   0x00000002   PAD
    0x00031ad8   0x00031ad8   0x000001d8   Code   RO         7340    i.tc_iot_shadow_update_firm_info  tc_iot_shadow.o
    0x00031cb0   0x00031cb0   0x00000054   Code   RO         7342    i.tc_iot_shadow_yield  tc_iot_shadow.o
    0x00031d04   0x00031d04   0x000000fa   Code   RO         6838    i.tc_iot_unicode_to_utf8  tc_iot_json.o
    0x00031dfe   0x00031dfe   0x00000002   PAD
    0x00031e00   0x00031e00   0x0000007c   Code   RO         6990    i.tc_iot_url_encode  tc_iot_url.o
    0x00031e7c   0x00031e7c   0x000000d8   Code   RO         6991    i.tc_iot_url_parse  tc_iot_url.o
    0x00031f54   0x00031f54   0x00000026   Code   RO         7022    i.tc_iot_yabuffer_append  tc_iot_ya_buffer.o
    0x00031f7a   0x00031f7a   0x0000000c   Code   RO         7023    i.tc_iot_yabuffer_current  tc_iot_ya_buffer.o
    0x00031f86   0x00031f86   0x00000024   Code   RO         7024    i.tc_iot_yabuffer_forward  tc_iot_ya_buffer.o
    0x00031faa   0x00031faa   0x00000020   Code   RO         7025    i.tc_iot_yabuffer_init  tc_iot_ya_buffer.o
    0x00031fca   0x00031fca   0x00000010   Code   RO         7026    i.tc_iot_yabuffer_left  tc_iot_ya_buffer.o
    0x00031fda   0x00031fda   0x0000003e   Code   RO         7027    i.tc_iot_yabuffer_n_append  tc_iot_ya_buffer.o
    0x00032018   0x00032018   0x0000001a   Code   RO         7028    i.tc_iot_yabuffer_reset  tc_iot_ya_buffer.o
    0x00032032   0x00032032   0x00000002   PAD
    0x00032034   0x00032034   0x00000080   Code   RO         4839    i.timer_list_handler  app_timer.o
    0x000320b4   0x000320b4   0x0000003c   Code   RO         4840    i.timer_list_insert  app_timer.o
    0x000320f0   0x000320f0   0x00000060   Code   RO         4841    i.timer_list_remove  app_timer.o
    0x00032150   0x00032150   0x00000048   Code   RO         4842    i.timer_stop_op_schedule  app_timer.o
    0x00032198   0x00032198   0x00000074   Code   RO         4843    i.timer_timeouts_check  app_timer.o
    0x0003220c   0x0003220c   0x000000aa   Code   RO         4298    i.twi_clear_bus     nrf_drv_twi.o
    0x000322b6   0x000322b6   0x0000001e   Code   RO         4299    i.twi_process_error  nrf_drv_twi.o
    0x000322d4   0x000322d4   0x000000c6   Code   RO         4300    i.twi_rx_start_transfer  nrf_drv_twi.o
    0x0003239a   0x0003239a   0x00000028   Code   RO         4301    i.twi_send_byte     nrf_drv_twi.o
    0x000323c2   0x000323c2   0x0000010a   Code   RO         4302    i.twi_transfer      nrf_drv_twi.o
    0x000324cc   0x000324cc   0x000000d0   Code   RO         4303    i.twi_tx_start_transfer  nrf_drv_twi.o
    0x0003259c   0x0003259c   0x0000008c   Code   RO         4304    i.twi_xfer          nrf_drv_twi.o
    0x00032628   0x00032628   0x00000020   Code   RO         3968    i.tx_byte           nrf_drv_uart.o
    0x00032648   0x00032648   0x000000da   Code   RO         3440    i.tx_char_add       ble_nus.o
    0x00032722   0x00032722   0x0000001c   Code   RO         3969    i.tx_done_event     nrf_drv_uart.o
    0x0003273e   0x0003273e   0x00000002   PAD
    0x00032740   0x00032740   0x0000003c   Code   RO         2096    i.uart_event_handle  bsp_itracker.o
    0x0003277c   0x0003277c   0x000000a0   Code   RO         4990    i.uart_event_handler  app_uart_fifo.o
    0x0003281c   0x0003281c   0x0000011e   Code   RO         3970    i.uart_irq_handler  nrf_drv_uart.o
    0x0003293a   0x0003293a   0x000000f0   Code   RO         3971    i.uarte_irq_handler  nrf_drv_uart.o
    0x00032a2a   0x00032a2a   0x0000000a   Code   RO         2907    i.uint16_encode     ble_advdata.o
    0x00032a34   0x00032a34   0x000000b4   Code   RO         5317    i.unsigned_print    nrf_fprintf_format.o
    0x00032ae8   0x00032ae8   0x00000068   Code   RO         3060    i.update_timeout_handler  ble_conn_params.o
    0x00032b50   0x00032b50   0x0000000a   Code   RO         1684    i.user_delay_ms     rak_spi_bme280.o
    0x00032b5a   0x00032b5a   0x00000002   PAD
    0x00032b5c   0x00032b5c   0x00000030   Code   RO         4844    i.user_op_alloc     app_timer.o
    0x00032b8c   0x00032b8c   0x00000028   Code   RO         1685    i.user_spi_read     rak_spi_bme280.o
    0x00032bb4   0x00032bb4   0x00000028   Code   RO         1686    i.user_spi_write    rak_spi_bme280.o
    0x00032bdc   0x00032bdc   0x00000030   Code   RO         2908    i.uuid_list_encode  ble_advdata.o
    0x00032c0c   0x00032c0c   0x0000009e   Code   RO         2909    i.uuid_list_sized_encode  ble_advdata.o
    0x00032caa   0x00032caa   0x00000038   Code   RO         7169    i.waitfor           tc_iot_mqtt.o
    0x00032ce2   0x00032ce2   0x00000028   Code   RO         8053    i.writeCString      mqttpacket.o
    0x00032d0a   0x00032d0a   0x0000000c   Code   RO         8054    i.writeChar         mqttpacket.o
    0x00032d16   0x00032d16   0x0000001e   Code   RO         8055    i.writeInt          mqttpacket.o
    0x00032d34   0x00032d34   0x00000036   Code   RO         8056    i.writeMQTTString   mqttpacket.o
    0x00032d6a   0x00032d6a   0x00000002   PAD
    0x00032d6c   0x00032d6c   0x00000014   Data   RO           35    .constdata          main.o
    0x00032d80   0x00032d80   0x00000008   Data   RO         1346    .constdata          rak_i2c_sensor.o
    0x00032d88   0x00032d88   0x00000010   Data   RO         1419    .constdata          rak_i2c_lis2mdl.o
    0x00032d98   0x00032d98   0x00000010   Data   RO         1489    .constdata          rak_i2c_lis3dh.o
    0x00032da8   0x00032da8   0x00000010   Data   RO         1554    .constdata          rak_i2c_opt3001.o
    0x00032db8   0x00032db8   0x00000008   Data   RO         1616    .constdata          rak_spi_sensor.o
    0x00032dc0   0x00032dc0   0x00000010   Data   RO         1688    .constdata          rak_spi_bme280.o
    0x00032dd0   0x00032dd0   0x0000000c   Data   RO         1791    .constdata          gps.o
    0x00032ddc   0x00032ddc   0x00000040   Data   RO         2098    .constdata          bsp_itracker.o
    0x00032e1c   0x00032e1c   0x00000008   Data   RO         2598    .constdata          boards.o
    0x00032e24   0x00032e24   0x0000002c   Data   RO         2714    .constdata          bsp.o
    0x00032e50   0x00032e50   0x00000016   Data   RO         3349    .constdata          nrf_ble_gatt.o
    0x00032e66   0x00032e66   0x00000002   PAD
    0x00032e68   0x00032e68   0x00000020   Data   RO         3441    .constdata          ble_nus.o
    0x00032e88   0x00032e88   0x00000004   Data   RO         3729    .constdata          nrf_drv_gpiote.o
    0x00032e8c   0x00032e8c   0x0000000c   Data   RO         4309    .constdata          nrf_drv_twi.o
    0x00032e98   0x00032e98   0x00000020   Data   RO         4992    .constdata          app_uart_fifo.o
    0x00032eb8   0x00032eb8   0x00000010   Data   RO         5318    .constdata          nrf_fprintf_format.o
    0x00032ec8   0x00032ec8   0x00000104   Data   RO         5697    .constdata          nrf_strerror.o
    0x00032fcc   0x00032fcc   0x0000000c   Data   RO         5837    .constdata          nrf_log_backend_rtt.o
    0x00032fd8   0x00032fd8   0x00000014   Data   RO         5985    .constdata          nrf_log_frontend.o
    0x00032fec   0x00032fec   0x00000010   Data   RO         6382    .constdata          segger_rtt_printf.o
    0x00032ffc   0x00032ffc   0x00000010   Data   RO         6441    .constdata          nrf_sdh.o
    0x0003300c   0x0003300c   0x00000028   Data   RO         6442    .constdata          nrf_sdh.o
    0x00033034   0x00033034   0x00000010   Data   RO         6443    .constdata          nrf_sdh.o
    0x00033044   0x00033044   0x00000010   Data   RO         6444    .constdata          nrf_sdh.o
    0x00033054   0x00033054   0x00000018   Data   RO         6558    .constdata          nrf_sdh_ble.o
    0x0003306c   0x0003306c   0x00000014   Data   RO         6559    .constdata          nrf_sdh_ble.o
    0x00033080   0x00033080   0x00000010   Data   RO         6605    .constdata          nrf_sdh_soc.o
    0x00033090   0x00033090   0x0000000c   Data   RO         6606    .constdata          nrf_sdh_soc.o
    0x0003309c   0x0003309c   0x0000014c   Data   RO         6635    .constdata          tc_iot_base64.o
    0x000331e8   0x000331e8   0x00000124   Data   RO         6706    .constdata          tc_iot_hmac.o
    0x0003330c   0x0003330c   0x00000081   Data   RO         8491    .constdata          mc_w.l(ctype_o.o)
    0x0003338d   0x0003338d   0x00000003   PAD
    0x00033390   0x00033390   0x00000004   Data   RO         8492    .constdata          mc_w.l(ctype_o.o)
    0x00033394   0x00033394   0x00000004   PAD
    0x00033398   0x00033398   0x00000058   Data   RO         8878    .constdata          m_wm.l(exp.o)
    0x000333f0   0x000333f0   0x000000b7   Data   RO           36    .conststring        main.o
    0x000334a7   0x000334a7   0x00000001   PAD
    0x000334a8   0x000334a8   0x00000052   Data   RO         2378    .conststring        rak_uart_gsm.o
    0x000334fa   0x000334fa   0x00000002   PAD
    0x000334fc   0x000334fc   0x0000012d   Data   RO         3350    .conststring        nrf_ble_gatt.o
    0x00033629   0x00033629   0x00000003   PAD
    0x0003362c   0x0003362c   0x00000307   Data   RO         5698    .conststring        nrf_strerror.o
    0x00033933   0x00033933   0x00000001   PAD
    0x00033934   0x00033934   0x00000066   Data   RO         6154    .conststring        nrf_log_str_formatter.o
    0x0003399a   0x0003399a   0x00000002   PAD
    0x0003399c   0x0003399c   0x000001cf   Data   RO         6560    .conststring        nrf_sdh_ble.o
    0x00033b6b   0x00033b6b   0x00000001   PAD
    0x00033b6c   0x00033b6c   0x0000004a   Data   RO         6748    .conststring        tc_iot_http_utils.o
    0x00033bb6   0x00033bb6   0x00000002   PAD
    0x00033bb8   0x00033bb8   0x00000031   Data   RO         8404    .conststring        tc_iot_device_logic.o
    0x00033be9   0x00033be9   0x00000003   PAD
    0x00033bec   0x00033bec   0x00000034   Data   RO         8405    .conststring        tc_iot_device_logic.o
    0x00033c20   0x00033c20   0x00000009   Data   RO         3351    .conststrlit        nrf_ble_gatt.o
    0x00033c29   0x00033c29   0x00000003   PAD
    0x00033c2c   0x00033c2c   0x00000006   Data   RO         3513    .conststrlit        nrf_drv_clock.o
    0x00033c32   0x00033c32   0x00000002   PAD
    0x00033c34   0x00033c34   0x00000007   Data   RO         3733    .conststrlit        nrf_drv_gpiote.o
    0x00033c3b   0x00033c3b   0x00000001   PAD
    0x00033c3c   0x00033c3c   0x00000005   Data   RO         3973    .conststrlit        nrf_drv_uart.o
    0x00033c41   0x00033c41   0x00000003   PAD
    0x00033c44   0x00033c44   0x00000004   Data   RO         4185    .conststrlit        nrf_drv_spi.o
    0x00033c48   0x00033c48   0x00000004   Data   RO         4310    .conststrlit        nrf_drv_twi.o
    0x00033c4c   0x00033c4c   0x00000004   Data   RO         4473    .conststrlit        nrf_drv_rtc.o
    0x00033c50   0x00033c50   0x00000007   Data   RO         5240    .conststrlit        nrf_balloc.o
    0x00033c57   0x00033c57   0x00000001   PAD
    0x00033c58   0x00033c58   0x00000009   Data   RO         5589    .conststrlit        nrf_pwr_mgmt.o
    0x00033c61   0x00033c61   0x00000003   PAD
    0x00033c64   0x00033c64   0x00000004   Data   RO         5987    .conststrlit        nrf_log_frontend.o
    0x00033c68   0x00033c68   0x00000008   Data   RO         6445    .conststrlit        nrf_sdh.o
    0x00033c70   0x00033c70   0x0000000c   Data   RO         6561    .conststrlit        nrf_sdh_ble.o
    0x00033c7c   0x00033c7c   0x0000000c   Data   RO         6607    .conststrlit        nrf_sdh_soc.o
    0x00033c88   0x00033c88   0x00000020   Data   RO         8981    Region$$Table       anon$$obj.o
    0x00033ca8   0x00033ca8   0x00000008   Data   RO         3352    log_const_data      nrf_ble_gatt.o
    0x00033cb0   0x00033cb0   0x00000008   Data   RO         3514    log_const_data      nrf_drv_clock.o
    0x00033cb8   0x00033cb8   0x00000008   Data   RO         3734    log_const_data      nrf_drv_gpiote.o
    0x00033cc0   0x00033cc0   0x00000008   Data   RO         3974    log_const_data      nrf_drv_uart.o
    0x00033cc8   0x00033cc8   0x00000008   Data   RO         4186    log_const_data      nrf_drv_spi.o
    0x00033cd0   0x00033cd0   0x00000008   Data   RO         4311    log_const_data      nrf_drv_twi.o
    0x00033cd8   0x00033cd8   0x00000008   Data   RO         4475    log_const_data      nrf_drv_rtc.o
    0x00033ce0   0x00033ce0   0x00000008   Data   RO         5241    log_const_data      nrf_balloc.o
    0x00033ce8   0x00033ce8   0x00000008   Data   RO         5591    log_const_data      nrf_pwr_mgmt.o
    0x00033cf0   0x00033cf0   0x00000008   Data   RO         5991    log_const_data      nrf_log_frontend.o
    0x00033cf8   0x00033cf8   0x00000008   Data   RO         6447    log_const_data      nrf_sdh.o
    0x00033d00   0x00033d00   0x00000008   Data   RO         6562    log_const_data      nrf_sdh_ble.o
    0x00033d08   0x00033d08   0x00000008   Data   RO         6608    log_const_data      nrf_sdh_soc.o
    0x00033d10   0x00033d10   0x00000008   Data   RO         3149    sdh_ble_observers0  ble_conn_state.o
    0x00033d18   0x00033d18   0x00000008   Data   RO           38    sdh_ble_observers1  main.o
    0x00033d20   0x00033d20   0x00000008   Data   RO         2820    sdh_ble_observers1  bsp_btn_ble.o
    0x00033d28   0x00033d28   0x00000018   Data   RO           39    sdh_ble_observers2  main.o
    0x00033d40   0x00033d40   0x00000008   Data   RO         3063    sdh_ble_observers2  ble_conn_params.o
    0x00033d48   0x00033d48   0x00000008   Data   RO         5424    sdh_req_observers0  nrf_fstorage_sd.o
    0x00033d50   0x00033d50   0x00000008   Data   RO         3516    sdh_soc_observers0  nrf_drv_clock.o
    0x00033d58   0x00033d58   0x00000008   Data   RO         5425    sdh_soc_observers0  nrf_fstorage_sd.o
    0x00033d60   0x00033d60   0x00000008   Data   RO           40    sdh_soc_observers1  main.o
    0x00033d68   0x00033d68   0x00000008   Data   RO         6564    sdh_stack_observers0  nrf_sdh_ble.o
    0x00033d70   0x00033d70   0x00000008   Data   RO         6610    sdh_stack_observers0  nrf_sdh_soc.o
    0x00033d78   0x00033d78   0x00000008   Data   RO         3517    sdh_state_observers0  nrf_drv_clock.o
    0x00033d80   0x00033d80   0x00000008   Data   RO         5426    sdh_state_observers0  nrf_fstorage_sd.o


    Execution Region RW_IRAM1 (Exec base: 0x20002760, Load base: 0x00033d88, Size: 0x00007740, Max: 0x0000d8a0, ABSOLUTE, COMPRESSED[0x0000018c])

    Exec Addr    Load Addr    Size         Type   Attr      Idx    E Section Name        Object

    0x20002760   COMPRESSED   0x00000018   Data   RW           37    .data               main.o
    0x20002778   COMPRESSED   0x00000001   Data   RW         1029    .data               lis3dh_driver.o
    0x20002779   COMPRESSED   0x00000002   Data   RW         1347    .data               rak_i2c_sensor.o
    0x2000277b   COMPRESSED   0x00000001   Data   RW         1617    .data               rak_spi_sensor.o
    0x2000277c   COMPRESSED   0x00000004   PAD
    0x20002780   COMPRESSED   0x00000028   Data   RW         1798    .data               gps.o
    0x200027a8   COMPRESSED   0x00000003   Data   RW         1939    .data               gps-board.o
    0x200027ab   COMPRESSED   0x00000003   Data   RW         2099    .data               bsp_itracker.o
    0x200027ae   COMPRESSED   0x00000006   Data   RW         2379    .data               rak_uart_gsm.o
    0x200027b4   COMPRESSED   0x00000010   Data   RW         2715    .data               bsp.o
    0x200027c4   COMPRESSED   0x00000008   Data   RW         2819    .data               bsp_btn_ble.o
    0x200027cc   COMPRESSED   0x00000008   Data   RW         3062    .data               ble_conn_params.o
    0x200027d4   COMPRESSED   0x00000008   Data   RW         4474    .data               nrf_drv_rtc.o
    0x200027dc   COMPRESSED   0x00000014   Data   RW         4846    .data               app_timer.o
    0x200027f0   COMPRESSED   0x00000010   Data   RW         4993    .data               app_uart_fifo.o
    0x20002800   COMPRESSED   0x00000008   Data   RW         5423    .data               nrf_fstorage_sd.o
    0x20002808   COMPRESSED   0x0000000c   Data   RW         5923    .data               nrf_log_default_backends.o
    0x20002814   COMPRESSED   0x00000008   Data   RW         5989    .data               nrf_log_frontend.o
    0x2000281c   COMPRESSED   0x00000008   Data   RW         5990    .data               nrf_log_frontend.o
    0x20002824   COMPRESSED   0x00000038   Data   RW         6155    .data               nrf_log_str_formatter.o
    0x2000285c   COMPRESSED   0x00000003   Data   RW         6446    .data               nrf_sdh.o
    0x2000285f   COMPRESSED   0x00000011   Data   RW         6992    .data               tc_iot_url.o
    0x20002870   COMPRESSED   0x00000002   Data   RW         7344    .data               tc_iot_shadow.o
    0x20002872   COMPRESSED   0x00000002   PAD
    0x20002874   COMPRESSED   0x00000004   Data   RW         7720    .data               tc_iot_hal_os.o
    0x20002878   COMPRESSED   0x00000004   Data   RW         8057    .data               mqttpacket.o
    0x2000287c   COMPRESSED   0x00000004   Data   RW         8359    .data               app_main.o
    0x20002880   COMPRESSED   0x00000050   Data   RW         8406    .data               tc_iot_device_logic.o
    0x200028d0   COMPRESSED   0x00000344   Data   RW         8407    .data               tc_iot_device_logic.o
    0x20002c14   COMPRESSED   0x00000004   PAD
    0x20002c18   COMPRESSED   0x00000028   Data   RW         8408    .data               tc_iot_device_logic.o
    0x20002c40   COMPRESSED   0x00000028   Data   RW         8409    .data               tc_iot_device_logic.o
    0x20002c68   COMPRESSED   0x00000004   Data   RW         8440    .data               system_nrf52.o
    0x20002c6c   COMPRESSED   0x00000004   Data   RW         8936    .data               mc_w.l(mvars.o)
    0x20002c70   COMPRESSED   0x00000004   Data   RW         8937    .data               mc_w.l(mvars.o)
    0x20002c74   COMPRESSED   0x00000004   Data   RW         8941    .data               mc_w.l(errno.o)
    0x20002c78   COMPRESSED   0x0000000c   Data   RW         3353    log_dynamic_data    nrf_ble_gatt.o
    0x20002c84   COMPRESSED   0x0000000c   Data   RW         3515    log_dynamic_data    nrf_drv_clock.o
    0x20002c90   COMPRESSED   0x0000000c   Data   RW         3735    log_dynamic_data    nrf_drv_gpiote.o
    0x20002c9c   COMPRESSED   0x0000000c   Data   RW         3975    log_dynamic_data    nrf_drv_uart.o
    0x20002ca8   COMPRESSED   0x0000000c   Data   RW         4187    log_dynamic_data    nrf_drv_spi.o
    0x20002cb4   COMPRESSED   0x0000000c   Data   RW         4312    log_dynamic_data    nrf_drv_twi.o
    0x20002cc0   COMPRESSED   0x0000000c   Data   RW         4476    log_dynamic_data    nrf_drv_rtc.o
    0x20002ccc   COMPRESSED   0x0000000c   Data   RW         5242    log_dynamic_data    nrf_balloc.o
    0x20002cd8   COMPRESSED   0x0000000c   Data   RW         5592    log_dynamic_data    nrf_pwr_mgmt.o
    0x20002ce4   COMPRESSED   0x0000000c   Data   RW         5992    log_dynamic_data    nrf_log_frontend.o
    0x20002cf0   COMPRESSED   0x0000000c   Data   RW         6448    log_dynamic_data    nrf_sdh.o
    0x20002cfc   COMPRESSED   0x0000000c   Data   RW         6563    log_dynamic_data    nrf_sdh_ble.o
    0x20002d08   COMPRESSED   0x0000000c   Data   RW         6609    log_dynamic_data    nrf_sdh_soc.o
    0x20002d14   COMPRESSED   0x00000004   PAD
    0x20002d18        -       0x000005a8   Zero   RW           31    .bss                main.o
    0x200032c0        -       0x00000020   Zero   RW           32    .bss                main.o
    0x200032e0        -       0x0000000e   Zero   RW         1345    .bss                rak_i2c_sensor.o
    0x200032ee   COMPRESSED   0x00000002   PAD
    0x200032f0        -       0x00000400   Zero   RW         1418    .bss                rak_i2c_lis2mdl.o
    0x200036f0        -       0x00000400   Zero   RW         1615    .bss                rak_spi_sensor.o
    0x20003af0        -       0x00000040   Zero   RW         1687    .bss                rak_spi_bme280.o
    0x20003b30        -       0x00000063   Zero   RW         1790    .bss                gps.o
    0x20003b93        -       0x00000080   Zero   RW         1938    .bss                gps-board.o
    0x20003c13        -       0x00000200   Zero   RW         2097    .bss                bsp_itracker.o
    0x20003e13        -       0x00000200   Zero   RW         2377    .bss                rak_uart_gsm.o
    0x20004013   COMPRESSED   0x00000001   PAD
    0x20004014        -       0x00000020   Zero   RW         2710    .bss                bsp.o
    0x20004034        -       0x00000020   Zero   RW         2711    .bss                bsp.o
    0x20004054        -       0x0000000c   Zero   RW         2712    .bss                bsp.o
    0x20004060        -       0x00000020   Zero   RW         2713    .bss                bsp.o
    0x20004080        -       0x00000050   Zero   RW         3061    .bss                ble_conn_params.o
    0x200040d0        -       0x000000b8   Zero   RW         3148    .bss                ble_conn_state.o
    0x20004188        -       0x00000014   Zero   RW         3508    .bss                nrf_drv_clock.o
    0x2000419c        -       0x00000058   Zero   RW         3728    .bss                nrf_drv_gpiote.o
    0x200041f4        -       0x00000020   Zero   RW         3972    .bss                nrf_drv_uart.o
    0x20004214        -       0x00000024   Zero   RW         4181    .bss                nrf_drv_spi.o
    0x20004238        -       0x00000028   Zero   RW         4305    .bss                nrf_drv_twi.o
    0x20004260        -       0x0000010c   Zero   RW         4845    .bss                app_timer.o
    0x2000436c        -       0x00000020   Zero   RW         4991    .bss                app_uart_fifo.o
    0x2000438c        -       0x0000000c   Zero   RW         5057    .bss                app_util_platform.o
    0x20004398        -       0x00000078   Zero   RW         5420    .bss                nrf_fstorage_sd.o
    0x20004410        -       0x00000040   Zero   RW         5836    .bss                nrf_log_backend_rtt.o
    0x20004450        -       0x000000c0   Zero   RW         5983    .bss                nrf_log_frontend.o
    0x20004510        -       0x00000420   Zero   RW         5984    .bss                nrf_log_frontend.o
    0x20004930        -       0x00000288   Zero   RW         6223    .bss                segger_rtt.o
    0x20004bb8        -       0x00000960   Zero   RW         7343    .bss                tc_iot_shadow.o
    0x20005518        -       0x00000988   Zero   RW         8403    .bss                tc_iot_device_logic.o
    0x20005ea0        -       0x00002000   Zero   RW         8429    HEAP                arm_startup_nrf52.o
    0x20007ea0        -       0x00002000   Zero   RW         8428    STACK               arm_startup_nrf52.o


==============================================================================

Image component sizes


      Code (inc. data)   RO Data    RW Data    ZI Data      Debug   Object Name

        22          0          0          0          0       2225   app_error.o
       120         40          0          0          0      27381   app_error_weak.o
       118          0          0          0          0       4942   app_fifo.o
       786        416          0          4          0       3851   app_main.o
      1646        128          0         20        268      48087   app_timer.o
       468         46         32         16         32      11467   app_uart_fifo.o
       124         14          0          0         12       9422   app_util_platform.o
        36          8        512          0      16384        916   arm_startup_nrf52.o
      1330          0          0          0          0      36255   ble_advdata.o
       928          6          0          0          0       9472   ble_advertising.o
       636         44          8          8         80      11643   ble_conn_params.o
       268          6          8          0        184       3903   ble_conn_state.o
       620         10         32          0          0       6632   ble_nus.o
         8          0          0          0          0       1438   ble_srv_common.o
      2892        268          0          0          0      23846   bme280.o
       206         32          8          0          0      10785   boards.o
       774         58         44         16        108      12068   bsp.o
       196          6          8          8          0       3893   bsp_btn_ble.o
       310         44         64          3        512      14871   bsp_itracker.o
       406         68          0          3        128       4380   gps-board.o
      2018        122         12         40         99      11609   gps.o
       816          0          0          0          0       7097   jsmn.o
       366          0          0          0          0      13124   lis2mdl_reg.o
       450          6          0          1          0      13296   lis3dh_driver.o
      3448        994        243         24       1480     161158   main.o
       552         18          0          0          0       9228   mqttconnectclient.o
       212          0          0          0          0       2920   mqttdeserializepublish.o
       476         22          0          4          0      12496   mqttpacket.o
       236          0          0          0          0       3954   mqttserializepublish.o
       310          0          0          0          0       4131   mqttsubscribeclient.o
       164          0         15         12          0       3877   nrf_balloc.o
       682         44        340         12          0      39866   nrf_ble_gatt.o
       408         40         30         12         20      40979   nrf_drv_clock.o
        56          0          0          0          0      29275   nrf_drv_common.o
       514         30         19         12         88      19190   nrf_drv_gpiote.o
       188         12         12         20          0       8874   nrf_drv_rtc.o
       870         18         12         12         36      22701   nrf_drv_spi.o
      1870         44         24         12         40      34939   nrf_drv_twi.o
      2384         82         13         12         32      45853   nrf_drv_uart.o
        50          0          0          0          0       2929   nrf_fprintf.o
       850          4         16          0          0       5430   nrf_fprintf_format.o
        80         10          0          0          0       1838   nrf_fstorage.o
       462         26         24          8        120       6759   nrf_fstorage_sd.o
        74          8         12          0         64       5465   nrf_log_backend_rtt.o
       210          0          0          0          0      10207   nrf_log_backend_serial.o
        28          6          0         12          0       3154   nrf_log_default_backends.o
      1466         94         32         28       1248      32339   nrf_log_frontend.o
       506         66        102         56          0       5536   nrf_log_str_formatter.o
       494          0          0          0          0      11559   nrf_memobj.o
         0          0         17         12          0       7177   nrf_pwr_mgmt.o
       536         60        104         15          0      51072   nrf_sdh.o
       652        158        535         12          0       5770   nrf_sdh_ble.o
        60          4         56         12          0       2548   nrf_sdh_soc.o
        78          0          0          0          0       2740   nrf_section_iter.o
        76         10       1035          0          0       2699   nrf_strerror.o
       312         22         16          0       1024       5914   rak_i2c_lis2mdl.o
       158          4         16          0          0       4475   rak_i2c_lis3dh.o
       404         80         16          0          0       6038   rak_i2c_opt3001.o
       276         40          8          2         14      11147   rak_i2c_sensor.o
       488         34         16          0         64      11403   rak_spi_bme280.o
       216         50          8          1       1024       7911   rak_spi_sensor.o
      4630       1224         82          6        512      27966   rak_uart_gsm.o
       206          0          0          0          0       5342   sdk_mapped_flags.o
       438         40          0          0        648       9784   segger_rtt.o
       900          6         16          0          0       7593   segger_rtt_printf.o
       248          8          0          0          0       3886   sensor_opt3001.o
       752         64          0          4          0       2907   system_nrf52.o
       200         10        332          0          0      20851   tc_iot_base64.o
       218          0          0          0          0       5893   tc_iot_client.o
       216         66        101        996       2440       3121   tc_iot_device_logic.o
       580        236          0          0          0       7381   tc_iot_hal_net.o
       294         26          0          4          0       5826   tc_iot_hal_os.o
       126         20          0          0          0       5483   tc_iot_hal_timer.o
       954         16        292          0          0       6357   tc_iot_hmac.o
      1578        374         74          0          0      12625   tc_iot_http_utils.o
       992         14          0          0          0       8506   tc_iot_json.o
      3228         26          0          0          0      26088   tc_iot_mqtt.o
      2374        286          0          2       2400      21433   tc_iot_shadow.o
      1058        140          0          0          0      12735   tc_iot_shadow_property.o
       848         90          0          0          0       3817   tc_iot_token.o
       340         18          0         17          0       3219   tc_iot_url.o
       222          0          0          0          0       5898   tc_iot_ya_buffer.o
        22          0          0          0          0        665   utilities.o

    ----------------------------------------------------------------------
     55912       5966       4408       1448      29068    1143530   Object Totals
         0          0         32          0          0          0   (incl. Generated)
        98          0         30         10          7          0   (incl. Padding)

    ----------------------------------------------------------------------

      Code (inc. data)   RO Data    RW Data    ZI Data      Debug   Library Member Name

        56         12          0          0          0        132   atof.o
        84         16          0          0          0        372   dunder.o
       872        142         88          0          0        412   exp.o
       392         60          0          0          0        180   exp2.o
        48          0          0          0          0        124   fpclassify.o
       226          8          0          0          0        308   ldexp.o
       226          6          0          0          0        276   modf.o
       248          0          0          0          0        152   poly.o
        86          0          0          0          0          0   __dczerorl2.o
        28          0          0          0          0         68   _chval.o
        64          0          0          0          0         84   _sgetc.o
       158          0          0          0          0         92   _strtoul.o
        26          0          0          0          0         80   atoi.o
        26          0          0          0          0         80   atol.o
         8          4        133          0          0         68   ctype_o.o
         0          0          0          0          0          0   entry.o
         0          0          0          0          0          0   entry10a.o
         0          0          0          0          0          0   entry11a.o
         8          4          0          0          0          0   entry2.o
         4          0          0          0          0          0   entry5.o
         0          0          0          0          0          0   entry7b.o
         0          0          0          0          0          0   entry8b.o
         8          4          0          0          0          0   entry9a.o
        32         16          0          4          0        204   errno.o
        30          0          0          0          0          0   handlers.o
        36          8          0          0          0         68   init.o
        18          0          0          0          0         76   isspace_o.o
         0          0          0          0          0          0   iusefp.o
        30          0          0          0          0         68   llshl.o
        36          0          0          0          0         68   llsshr.o
        32          0          0          0          0         68   llushr.o
       188         20          0          0          0        160   malloc.o
        26          0          0          0          0         80   memcmp.o
        40          0          0          0          0         76   memcpy.o
        36          0          0          0          0        108   memseta.o
         0          0          0          8          0          0   mvars.o
      2346         90          0          0          0        672   printfa.o
       878         12          0          0          0        216   scanf_fp.o
        24          0          0          0          0         68   strcat.o
        28          0          0          0          0         76   strcmp.o
        18          0          0          0          0         68   strcpy.o
        14          0          0          0          0         68   strlen.o
        30          0          0          0          0         80   strncmp.o
        24          0          0          0          0         76   strncpy.o
        36          0          0          0          0         80   strstr.o
       156         12          0          0          0        120   strtod.o
       112          0          0          0          0         88   strtol.o
        44          0          0          0          0         80   uidiv.o
        98          0          0          0          0         92   uldiv.o
        48          0          0          0          0         68   cdcmple.o
        48          0          0          0          0         68   cdrcmple.o
        56          0          0          0          0         88   d2f.o
       334          0          0          0          0        148   dadd.o
       222          0          0          0          0        100   ddiv.o
       186          0          0          0          0        176   depilogue.o
        62          0          0          0          0         80   dfixi.o
        50          0          0          0          0         76   dfixui.o
        48          0          0          0          0         68   dfixul.o
        34          0          0          0          0         76   dflti.o
        26          0          0          0          0         76   dfltui.o
        24          0          0          0          0         76   dfltul.o
       228          0          0          0          0         96   dmul.o
        46          0          0          0          0         80   dscalb.o
        38          0          0          0          0         68   f2d.o
       110          0          0          0          0        168   fepilogue.o

    ----------------------------------------------------------------------
      8452        414        228         12          0       6700   Library Totals
        12          0          7          0          0          0   (incl. Padding)

    ----------------------------------------------------------------------

      Code (inc. data)   RO Data    RW Data    ZI Data      Debug   Library Name

      2152        244         88          0          0       1956   m_wm.l
      4728        170        133         12          0       3232   mc_w.l
      1560          0          0          0          0       1512   mf_w.l

    ----------------------------------------------------------------------
      8452        414        228         12          0       6700   Library Totals

    ----------------------------------------------------------------------

==============================================================================


      Code (inc. data)   RO Data    RW Data    ZI Data      Debug   

     64364       6380       4636       1460      29068    1089910   Grand Totals
     64364       6380       4636        396      29068    1089910   ELF Image Totals (compressed)
     64364       6380       4636        396          0          0   ROM Totals

==============================================================================

    Total RO  Size (Code + RO Data)                69000 (  67.38kB)
    Total RW  Size (RW Data + ZI Data)             30528 (  29.81kB)
    Total ROM Size (Code + RO Data + RW Data)      69396 (  67.77kB)

==============================================================================

